[2018-11-16 18:36:42,785: INFO/MainProcess] Connected to amqp://guest:**@127.0.0.1:5672//
[2018-11-16 18:36:42,798: INFO/MainProcess] mingle: searching for neighbors
[2018-11-16 18:36:43,820: INFO/MainProcess] mingle: all alone
[2018-11-16 18:36:43,839: WARNING/MainProcess] /home/ernesto/Superación/Doctorado/MyPhD/WatermarkigMethods/Code/dhmdi/env/lib/python3.7/site-packages/celery/fixups/django.py:200: UserWarning: Using settings.DEBUG leads to a memory leak, never use this setting in production environments!
  warnings.warn('Using settings.DEBUG leads to a memory leak, never '
[2018-11-16 18:36:43,839: INFO/MainProcess] celery@HP ready.
[2018-11-16 18:37:00,974: INFO/MainProcess] Received task: watermarking.task.mainTask[144e6985-558d-4473-8eb6-63fe1f8147c6]  
[2018-11-16 18:37:01,281: INFO/ForkPoolWorker-1] watermarking.task.mainTask[144e6985-558d-4473-8eb6-63fe1f8147c6]: Creating SprintWatermarking: Anier_6668b2b6-e151-45ba-a480-aa41c63b7084_293452cd-0547-4a2c-97a1-b6ab3854807e
[2018-11-16 18:37:17,914: INFO/ForkPoolWorker-1] watermarking.task.mainTask[144e6985-558d-4473-8eb6-63fe1f8147c6]: Updating watermarked_image of SprintWatermarking: watermarked_images/750f9c78-e978-4039-a1a0-eb899df131e5.jpg
[2018-11-16 18:37:18,041: INFO/ForkPoolWorker-1] watermarking.task.mainTask[144e6985-558d-4473-8eb6-63fe1f8147c6]: Creating NoiseSprintWatermarking: JPEG1%_Anier_6668b2b6-e151-45ba-a480-aa41c63b7084_293452cd-0547-4a2c-97a1-b6ab3854807e
[2018-11-16 18:37:18,448: INFO/ForkPoolWorker-1] watermarking.task.mainTask[144e6985-558d-4473-8eb6-63fe1f8147c6]: Updating watermarked_image_with_noise of NoiseSprintWatermarking(JPEG1%_Anier_6668b2b6-e151-45ba-a480-aa41c63b7084_293452cd-0547-4a2c-97a1-b6ab3854807e): noised_images/0e437816-893c-484f-afa3-32979b81a164.jpg
[2018-11-16 18:37:24,992: INFO/ForkPoolWorker-1] watermarking.task.mainTask[144e6985-558d-4473-8eb6-63fe1f8147c6]: Updating watermark_image_with_noise of NoiseSprintWatermarking(JPEG1%_Anier_6668b2b6-e151-45ba-a480-aa41c63b7084_293452cd-0547-4a2c-97a1-b6ab3854807e): watermarks_with_noise/ffa44d1e-9282-4892-9096-516b90723eb3.png
[2018-11-16 18:37:25,159: INFO/ForkPoolWorker-1] watermarking.task.mainTask[144e6985-558d-4473-8eb6-63fe1f8147c6]: Creating NoiseSprintWatermarking: JPEG10_Anier_6668b2b6-e151-45ba-a480-aa41c63b7084_293452cd-0547-4a2c-97a1-b6ab3854807e
[2018-11-16 18:37:25,937: INFO/ForkPoolWorker-1] watermarking.task.mainTask[144e6985-558d-4473-8eb6-63fe1f8147c6]: Updating watermarked_image_with_noise of NoiseSprintWatermarking(JPEG10_Anier_6668b2b6-e151-45ba-a480-aa41c63b7084_293452cd-0547-4a2c-97a1-b6ab3854807e): noised_images/8cde89cc-2b21-4504-b328-6d7f3573ab49.jpg
[2018-11-16 18:37:32,759: INFO/ForkPoolWorker-1] watermarking.task.mainTask[144e6985-558d-4473-8eb6-63fe1f8147c6]: Updating watermark_image_with_noise of NoiseSprintWatermarking(JPEG10_Anier_6668b2b6-e151-45ba-a480-aa41c63b7084_293452cd-0547-4a2c-97a1-b6ab3854807e): watermarks_with_noise/4ad995f3-2c63-4884-8927-d8a8c850cc4a.png
[2018-11-16 18:37:32,881: INFO/ForkPoolWorker-1] watermarking.task.mainTask[144e6985-558d-4473-8eb6-63fe1f8147c6]: Creating NoiseSprintWatermarking: Rotate45_Anier_6668b2b6-e151-45ba-a480-aa41c63b7084_293452cd-0547-4a2c-97a1-b6ab3854807e
[2018-11-16 18:37:33,215: INFO/ForkPoolWorker-1] watermarking.task.mainTask[144e6985-558d-4473-8eb6-63fe1f8147c6]: Updating watermarked_image_with_noise of NoiseSprintWatermarking(Rotate45_Anier_6668b2b6-e151-45ba-a480-aa41c63b7084_293452cd-0547-4a2c-97a1-b6ab3854807e): noised_images/d038073d-050b-4a81-8cba-dd5a6089e72f.jpg
[2018-11-16 18:37:39,826: INFO/ForkPoolWorker-1] watermarking.task.mainTask[144e6985-558d-4473-8eb6-63fe1f8147c6]: Updating watermark_image_with_noise of NoiseSprintWatermarking(Rotate45_Anier_6668b2b6-e151-45ba-a480-aa41c63b7084_293452cd-0547-4a2c-97a1-b6ab3854807e): watermarks_with_noise/1d5e4d36-2b7a-4bf6-b81e-73ac83662044.png
[2018-11-16 18:37:39,949: INFO/ForkPoolWorker-1] watermarking.task.mainTask[144e6985-558d-4473-8eb6-63fe1f8147c6]: Creating MetricSprintWatermarking: PSNR_Anier_6668b2b6-e151-45ba-a480-aa41c63b7084_293452cd-0547-4a2c-97a1-b6ab3854807e
[2018-11-16 18:37:45,104: INFO/ForkPoolWorker-1] watermarking.task.mainTask[144e6985-558d-4473-8eb6-63fe1f8147c6]: Updating value of MetricSprintWatermarking(PSNR_Anier_6668b2b6-e151-45ba-a480-aa41c63b7084_293452cd-0547-4a2c-97a1-b6ab3854807e): 47.440927728000304
[2018-11-16 18:37:46,849: INFO/ForkPoolWorker-1] Task watermarking.task.mainTask[144e6985-558d-4473-8eb6-63fe1f8147c6] succeeded in 45.87408150200008s: 'Success!'
[2018-11-16 18:41:08,441: INFO/MainProcess] Received task: watermarking.task.mainTask[3abd8edd-6a07-438f-988a-bdd0eaaa5413]  
[2018-11-16 18:41:08,795: INFO/ForkPoolWorker-2] watermarking.task.mainTask[3abd8edd-6a07-438f-988a-bdd0eaaa5413]: Creating NoiseSprintWatermarking: JPEG95_Anier_6668b2b6-e151-45ba-a480-aa41c63b7084_293452cd-0547-4a2c-97a1-b6ab3854807e
[2018-11-16 18:41:09,579: INFO/ForkPoolWorker-2] watermarking.task.mainTask[3abd8edd-6a07-438f-988a-bdd0eaaa5413]: Updating watermarked_image_with_noise of NoiseSprintWatermarking(JPEG95_Anier_6668b2b6-e151-45ba-a480-aa41c63b7084_293452cd-0547-4a2c-97a1-b6ab3854807e): noised_images/56fb8a23-78e7-4008-8f74-e2a568058404.jpg
[2018-11-16 18:41:16,556: INFO/ForkPoolWorker-2] watermarking.task.mainTask[3abd8edd-6a07-438f-988a-bdd0eaaa5413]: Updating watermark_image_with_noise of NoiseSprintWatermarking(JPEG95_Anier_6668b2b6-e151-45ba-a480-aa41c63b7084_293452cd-0547-4a2c-97a1-b6ab3854807e): watermarks_with_noise/951cd194-ca84-4708-a0e2-50cfe55ef946.png
[2018-11-16 18:41:17,101: INFO/ForkPoolWorker-2] Task watermarking.task.mainTask[3abd8edd-6a07-438f-988a-bdd0eaaa5413] succeeded in 8.65953551099983s: 'Success!'
[2018-11-16 18:43:05,440: INFO/MainProcess] Received task: watermarking.task.mainTask[823197e3-a21e-46f4-a0bd-6bb37b70cbed]  
[2018-11-16 18:43:05,805: INFO/ForkPoolWorker-1] watermarking.task.mainTask[823197e3-a21e-46f4-a0bd-6bb37b70cbed]: Creating SprintWatermarking: Anier_c8256316-9d03-431d-bea7-43bc1592111e_293452cd-0547-4a2c-97a1-b6ab3854807e
[2018-11-16 18:43:12,633: INFO/MainProcess] Received task: watermarking.task.mainTask[5ec24391-c22b-4b5c-aafe-d6176073f622]  
[2018-11-16 18:43:13,027: INFO/ForkPoolWorker-2] watermarking.task.mainTask[5ec24391-c22b-4b5c-aafe-d6176073f622]: Creating SprintWatermarking: Anier_f7227831-375c-446c-b078-e90af09e5300_293452cd-0547-4a2c-97a1-b6ab3854807e
[2018-11-16 18:43:19,943: INFO/MainProcess] Received task: watermarking.task.mainTask[d68813a7-aef7-4ad0-a15f-a029cec892ec]  
[2018-11-16 18:43:20,383: INFO/ForkPoolWorker-4] watermarking.task.mainTask[d68813a7-aef7-4ad0-a15f-a029cec892ec]: Creating SprintWatermarking: Anier_ac2e4328-2afe-48de-944f-0eca8479a4f7_293452cd-0547-4a2c-97a1-b6ab3854807e
[2018-11-16 18:43:26,806: INFO/ForkPoolWorker-4] watermarking.task.mainTask[d68813a7-aef7-4ad0-a15f-a029cec892ec]: Updating watermarked_image of SprintWatermarking: watermarked_images/8e127432-b1e2-4443-9829-bb949114db69.jpg
[2018-11-16 18:43:26,945: INFO/ForkPoolWorker-4] watermarking.task.mainTask[d68813a7-aef7-4ad0-a15f-a029cec892ec]: Creating NoiseSprintWatermarking: JPEG1%_Anier_ac2e4328-2afe-48de-944f-0eca8479a4f7_293452cd-0547-4a2c-97a1-b6ab3854807e
[2018-11-16 18:43:27,251: INFO/ForkPoolWorker-4] watermarking.task.mainTask[d68813a7-aef7-4ad0-a15f-a029cec892ec]: Updating watermarked_image_with_noise of NoiseSprintWatermarking(JPEG1%_Anier_ac2e4328-2afe-48de-944f-0eca8479a4f7_293452cd-0547-4a2c-97a1-b6ab3854807e): noised_images/a754e617-3150-4d58-8e6e-c9c069c10732.jpg
[2018-11-16 18:43:28,107: INFO/MainProcess] Received task: watermarking.task.mainTask[a6052364-dc16-48c3-9805-f9220e83a6a1]  
[2018-11-16 18:43:28,538: INFO/ForkPoolWorker-3] watermarking.task.mainTask[a6052364-dc16-48c3-9805-f9220e83a6a1]: Creating NoiseSprintWatermarking: JPEG10_Anier_ac2e4328-2afe-48de-944f-0eca8479a4f7_293452cd-0547-4a2c-97a1-b6ab3854807e
[2018-11-16 18:43:29,306: INFO/ForkPoolWorker-3] watermarking.task.mainTask[a6052364-dc16-48c3-9805-f9220e83a6a1]: Updating watermarked_image_with_noise of NoiseSprintWatermarking(JPEG10_Anier_ac2e4328-2afe-48de-944f-0eca8479a4f7_293452cd-0547-4a2c-97a1-b6ab3854807e): noised_images/fa9fa74c-7762-4822-9dc8-d5a610f5e2eb.jpg
[2018-11-16 18:43:31,523: INFO/ForkPoolWorker-4] watermarking.task.mainTask[d68813a7-aef7-4ad0-a15f-a029cec892ec]: Updating watermark_image_with_noise of NoiseSprintWatermarking(JPEG1%_Anier_ac2e4328-2afe-48de-944f-0eca8479a4f7_293452cd-0547-4a2c-97a1-b6ab3854807e): watermarks_with_noise/d217bf62-aa69-40b8-b240-be14075eb295.png
[2018-11-16 18:43:31,639: INFO/ForkPoolWorker-4] watermarking.task.mainTask[d68813a7-aef7-4ad0-a15f-a029cec892ec]: Creating NoiseSprintWatermarking: Rotate45_Anier_ac2e4328-2afe-48de-944f-0eca8479a4f7_293452cd-0547-4a2c-97a1-b6ab3854807e
[2018-11-16 18:43:31,973: INFO/ForkPoolWorker-4] watermarking.task.mainTask[d68813a7-aef7-4ad0-a15f-a029cec892ec]: Updating watermarked_image_with_noise of NoiseSprintWatermarking(Rotate45_Anier_ac2e4328-2afe-48de-944f-0eca8479a4f7_293452cd-0547-4a2c-97a1-b6ab3854807e): noised_images/fa7369b6-ba49-4867-a6f9-354da74f610b.jpg
[2018-11-16 18:43:33,339: INFO/ForkPoolWorker-3] watermarking.task.mainTask[a6052364-dc16-48c3-9805-f9220e83a6a1]: Updating watermark_image_with_noise of NoiseSprintWatermarking(JPEG10_Anier_ac2e4328-2afe-48de-944f-0eca8479a4f7_293452cd-0547-4a2c-97a1-b6ab3854807e): watermarks_with_noise/d388397f-128d-483f-b5cb-3d7bcbeebd99.png
[2018-11-16 18:43:33,506: INFO/ForkPoolWorker-3] watermarking.task.mainTask[a6052364-dc16-48c3-9805-f9220e83a6a1]: Creating NoiseSprintWatermarking: JPEG95_Anier_ac2e4328-2afe-48de-944f-0eca8479a4f7_293452cd-0547-4a2c-97a1-b6ab3854807e
[2018-11-16 18:43:33,819: INFO/ForkPoolWorker-3] watermarking.task.mainTask[a6052364-dc16-48c3-9805-f9220e83a6a1]: Updating watermarked_image_with_noise of NoiseSprintWatermarking(JPEG95_Anier_ac2e4328-2afe-48de-944f-0eca8479a4f7_293452cd-0547-4a2c-97a1-b6ab3854807e): noised_images/bfc88738-4088-4ec9-95f2-f0a147d3b6db.jpg
[2018-11-16 18:43:34,984: INFO/ForkPoolWorker-4] watermarking.task.mainTask[d68813a7-aef7-4ad0-a15f-a029cec892ec]: Updating watermark_image_with_noise of NoiseSprintWatermarking(Rotate45_Anier_ac2e4328-2afe-48de-944f-0eca8479a4f7_293452cd-0547-4a2c-97a1-b6ab3854807e): watermarks_with_noise/3aa24e1b-aa26-473a-a46e-8863ec001deb.png
[2018-11-16 18:43:35,106: INFO/ForkPoolWorker-4] watermarking.task.mainTask[d68813a7-aef7-4ad0-a15f-a029cec892ec]: Creating MetricSprintWatermarking: PSNR_Anier_ac2e4328-2afe-48de-944f-0eca8479a4f7_293452cd-0547-4a2c-97a1-b6ab3854807e
[2018-11-16 18:43:37,143: INFO/ForkPoolWorker-3] watermarking.task.mainTask[a6052364-dc16-48c3-9805-f9220e83a6a1]: Updating watermark_image_with_noise of NoiseSprintWatermarking(JPEG95_Anier_ac2e4328-2afe-48de-944f-0eca8479a4f7_293452cd-0547-4a2c-97a1-b6ab3854807e): watermarks_with_noise/2d8b2e29-f04b-4482-96f2-b84d6d1587a8.png
[2018-11-16 18:43:37,284: INFO/ForkPoolWorker-3] watermarking.task.mainTask[a6052364-dc16-48c3-9805-f9220e83a6a1]: Creating SprintWatermarking: Anier_70081880-3a3b-4346-8ae5-7599d6df0dec_293452cd-0547-4a2c-97a1-b6ab3854807e
[2018-11-16 18:43:37,419: INFO/ForkPoolWorker-4] watermarking.task.mainTask[d68813a7-aef7-4ad0-a15f-a029cec892ec]: Updating value of MetricSprintWatermarking(PSNR_Anier_ac2e4328-2afe-48de-944f-0eca8479a4f7_293452cd-0547-4a2c-97a1-b6ab3854807e): 54.225871623558206
[2018-11-16 18:43:40,484: INFO/ForkPoolWorker-4] Task watermarking.task.mainTask[d68813a7-aef7-4ad0-a15f-a029cec892ec] succeeded in 20.539625916000205s: 'Success!'
[2018-11-16 18:43:44,773: INFO/ForkPoolWorker-3] watermarking.task.mainTask[a6052364-dc16-48c3-9805-f9220e83a6a1]: Updating watermarked_image of SprintWatermarking: watermarked_images/3ee4107c-7a9b-47ae-8bd3-327f343108bb.jpg
[2018-11-16 18:43:44,889: INFO/ForkPoolWorker-3] watermarking.task.mainTask[a6052364-dc16-48c3-9805-f9220e83a6a1]: Creating NoiseSprintWatermarking: JPEG1%_Anier_70081880-3a3b-4346-8ae5-7599d6df0dec_293452cd-0547-4a2c-97a1-b6ab3854807e
[2018-11-16 18:43:45,151: INFO/ForkPoolWorker-3] watermarking.task.mainTask[a6052364-dc16-48c3-9805-f9220e83a6a1]: Updating watermarked_image_with_noise of NoiseSprintWatermarking(JPEG1%_Anier_70081880-3a3b-4346-8ae5-7599d6df0dec_293452cd-0547-4a2c-97a1-b6ab3854807e): noised_images/1cc21b0d-0c48-47be-bb59-0242af1ba860.jpg
[2018-11-16 18:43:48,884: INFO/ForkPoolWorker-3] watermarking.task.mainTask[a6052364-dc16-48c3-9805-f9220e83a6a1]: Updating watermark_image_with_noise of NoiseSprintWatermarking(JPEG1%_Anier_70081880-3a3b-4346-8ae5-7599d6df0dec_293452cd-0547-4a2c-97a1-b6ab3854807e): watermarks_with_noise/21297111-db6d-474b-b0af-2f62d4fa2323.png
[2018-11-16 18:43:49,051: INFO/ForkPoolWorker-3] watermarking.task.mainTask[a6052364-dc16-48c3-9805-f9220e83a6a1]: Creating NoiseSprintWatermarking: JPEG10_Anier_70081880-3a3b-4346-8ae5-7599d6df0dec_293452cd-0547-4a2c-97a1-b6ab3854807e
[2018-11-16 18:43:49,418: INFO/ForkPoolWorker-3] watermarking.task.mainTask[a6052364-dc16-48c3-9805-f9220e83a6a1]: Updating watermarked_image_with_noise of NoiseSprintWatermarking(JPEG10_Anier_70081880-3a3b-4346-8ae5-7599d6df0dec_293452cd-0547-4a2c-97a1-b6ab3854807e): noised_images/ce57b3ef-910f-4c81-b811-da5341347903.jpg
[2018-11-16 18:43:52,084: INFO/ForkPoolWorker-3] watermarking.task.mainTask[a6052364-dc16-48c3-9805-f9220e83a6a1]: Updating watermark_image_with_noise of NoiseSprintWatermarking(JPEG10_Anier_70081880-3a3b-4346-8ae5-7599d6df0dec_293452cd-0547-4a2c-97a1-b6ab3854807e): watermarks_with_noise/5a7dbe70-ba7e-469c-9866-362877f65aee.png
[2018-11-16 18:43:52,229: INFO/ForkPoolWorker-3] watermarking.task.mainTask[a6052364-dc16-48c3-9805-f9220e83a6a1]: Creating NoiseSprintWatermarking: Rotate45_Anier_70081880-3a3b-4346-8ae5-7599d6df0dec_293452cd-0547-4a2c-97a1-b6ab3854807e
[2018-11-16 18:43:52,540: INFO/ForkPoolWorker-3] watermarking.task.mainTask[a6052364-dc16-48c3-9805-f9220e83a6a1]: Updating watermarked_image_with_noise of NoiseSprintWatermarking(Rotate45_Anier_70081880-3a3b-4346-8ae5-7599d6df0dec_293452cd-0547-4a2c-97a1-b6ab3854807e): noised_images/6eecea95-9d93-43da-bbdb-ccf7e0284c27.jpg
[2018-11-16 18:43:54,907: INFO/ForkPoolWorker-3] watermarking.task.mainTask[a6052364-dc16-48c3-9805-f9220e83a6a1]: Updating watermark_image_with_noise of NoiseSprintWatermarking(Rotate45_Anier_70081880-3a3b-4346-8ae5-7599d6df0dec_293452cd-0547-4a2c-97a1-b6ab3854807e): watermarks_with_noise/0ee64652-3b90-44d3-9a47-11a097fc8232.png
[2018-11-16 18:43:55,051: INFO/ForkPoolWorker-3] watermarking.task.mainTask[a6052364-dc16-48c3-9805-f9220e83a6a1]: Creating NoiseSprintWatermarking: JPEG95_Anier_70081880-3a3b-4346-8ae5-7599d6df0dec_293452cd-0547-4a2c-97a1-b6ab3854807e
[2018-11-16 18:43:55,351: INFO/ForkPoolWorker-3] watermarking.task.mainTask[a6052364-dc16-48c3-9805-f9220e83a6a1]: Updating watermarked_image_with_noise of NoiseSprintWatermarking(JPEG95_Anier_70081880-3a3b-4346-8ae5-7599d6df0dec_293452cd-0547-4a2c-97a1-b6ab3854807e): noised_images/bf4c89f6-3a5a-49f6-a02d-43a8a429bda3.jpg
[2018-11-16 18:43:55,485: INFO/ForkPoolWorker-1] watermarking.task.mainTask[823197e3-a21e-46f4-a0bd-6bb37b70cbed]: Updating watermarked_image of SprintWatermarking: watermarked_images/79fd91fd-4cf5-485f-8d91-62c650aef7c0.png
[2018-11-16 18:43:55,601: INFO/ForkPoolWorker-1] watermarking.task.mainTask[823197e3-a21e-46f4-a0bd-6bb37b70cbed]: Creating NoiseSprintWatermarking: JPEG1%_Anier_c8256316-9d03-431d-bea7-43bc1592111e_293452cd-0547-4a2c-97a1-b6ab3854807e
[2018-11-16 18:43:57,729: INFO/ForkPoolWorker-3] watermarking.task.mainTask[a6052364-dc16-48c3-9805-f9220e83a6a1]: Updating watermark_image_with_noise of NoiseSprintWatermarking(JPEG95_Anier_70081880-3a3b-4346-8ae5-7599d6df0dec_293452cd-0547-4a2c-97a1-b6ab3854807e): watermarks_with_noise/6f92cfe5-6410-40b8-baca-1f2cbd448fbc.png
[2018-11-16 18:43:57,818: INFO/ForkPoolWorker-3] watermarking.task.mainTask[a6052364-dc16-48c3-9805-f9220e83a6a1]: Creating MetricSprintWatermarking: PSNR_Anier_70081880-3a3b-4346-8ae5-7599d6df0dec_293452cd-0547-4a2c-97a1-b6ab3854807e
[2018-11-16 18:43:57,996: INFO/ForkPoolWorker-1] watermarking.task.mainTask[823197e3-a21e-46f4-a0bd-6bb37b70cbed]: Updating watermarked_image_with_noise of NoiseSprintWatermarking(JPEG1%_Anier_c8256316-9d03-431d-bea7-43bc1592111e_293452cd-0547-4a2c-97a1-b6ab3854807e): noised_images/c58ef9f6-7a2e-4935-864d-b49a40daa5e8.png
[2018-11-16 18:43:59,596: INFO/ForkPoolWorker-3] watermarking.task.mainTask[a6052364-dc16-48c3-9805-f9220e83a6a1]: Updating value of MetricSprintWatermarking(PSNR_Anier_70081880-3a3b-4346-8ae5-7599d6df0dec_293452cd-0547-4a2c-97a1-b6ab3854807e): 36.81887909419718
[2018-11-16 18:44:02,741: INFO/ForkPoolWorker-3] Task watermarking.task.mainTask[a6052364-dc16-48c3-9805-f9220e83a6a1] succeeded in 34.63072956800033s: 'Success!'
[2018-11-16 18:44:03,429: INFO/ForkPoolWorker-2] watermarking.task.mainTask[5ec24391-c22b-4b5c-aafe-d6176073f622]: Updating watermarked_image of SprintWatermarking: watermarked_images/068077f9-cd7c-4ab3-a654-5010bc197d48.jpg
[2018-11-16 18:44:03,546: INFO/ForkPoolWorker-2] watermarking.task.mainTask[5ec24391-c22b-4b5c-aafe-d6176073f622]: Creating NoiseSprintWatermarking: JPEG1%_Anier_f7227831-375c-446c-b078-e90af09e5300_293452cd-0547-4a2c-97a1-b6ab3854807e
[2018-11-16 18:44:03,996: INFO/ForkPoolWorker-2] watermarking.task.mainTask[5ec24391-c22b-4b5c-aafe-d6176073f622]: Updating watermarked_image_with_noise of NoiseSprintWatermarking(JPEG1%_Anier_f7227831-375c-446c-b078-e90af09e5300_293452cd-0547-4a2c-97a1-b6ab3854807e): noised_images/927f87a4-e61c-4002-a7e1-2cc4f4a76bbb.jpg
[2018-11-16 18:44:12,730: INFO/ForkPoolWorker-1] watermarking.task.mainTask[823197e3-a21e-46f4-a0bd-6bb37b70cbed]: Updating watermark_image_with_noise of NoiseSprintWatermarking(JPEG1%_Anier_c8256316-9d03-431d-bea7-43bc1592111e_293452cd-0547-4a2c-97a1-b6ab3854807e): watermarks_with_noise/0e250eea-c82e-47f1-9e77-c69cbb486383.png
[2018-11-16 18:44:12,841: INFO/ForkPoolWorker-1] watermarking.task.mainTask[823197e3-a21e-46f4-a0bd-6bb37b70cbed]: Creating NoiseSprintWatermarking: JPEG10_Anier_c8256316-9d03-431d-bea7-43bc1592111e_293452cd-0547-4a2c-97a1-b6ab3854807e
[2018-11-16 18:44:14,685: INFO/ForkPoolWorker-1] watermarking.task.mainTask[823197e3-a21e-46f4-a0bd-6bb37b70cbed]: Updating watermarked_image_with_noise of NoiseSprintWatermarking(JPEG10_Anier_c8256316-9d03-431d-bea7-43bc1592111e_293452cd-0547-4a2c-97a1-b6ab3854807e): noised_images/35a97d3a-9bb1-4606-b8ba-6a5e9870e486.png
[2018-11-16 18:44:16,685: INFO/ForkPoolWorker-2] watermarking.task.mainTask[5ec24391-c22b-4b5c-aafe-d6176073f622]: Updating watermark_image_with_noise of NoiseSprintWatermarking(JPEG1%_Anier_f7227831-375c-446c-b078-e90af09e5300_293452cd-0547-4a2c-97a1-b6ab3854807e): watermarks_with_noise/9ce1072a-e2ab-4099-9272-0ba5f80135c6.png
[2018-11-16 18:44:16,808: INFO/ForkPoolWorker-2] watermarking.task.mainTask[5ec24391-c22b-4b5c-aafe-d6176073f622]: Creating NoiseSprintWatermarking: JPEG10_Anier_f7227831-375c-446c-b078-e90af09e5300_293452cd-0547-4a2c-97a1-b6ab3854807e
[2018-11-16 18:44:17,241: INFO/ForkPoolWorker-2] watermarking.task.mainTask[5ec24391-c22b-4b5c-aafe-d6176073f622]: Updating watermarked_image_with_noise of NoiseSprintWatermarking(JPEG10_Anier_f7227831-375c-446c-b078-e90af09e5300_293452cd-0547-4a2c-97a1-b6ab3854807e): noised_images/bef71c39-8456-4b08-b918-8b82fd4e430c.jpg
[2018-11-16 18:44:26,975: INFO/ForkPoolWorker-1] watermarking.task.mainTask[823197e3-a21e-46f4-a0bd-6bb37b70cbed]: Updating watermark_image_with_noise of NoiseSprintWatermarking(JPEG10_Anier_c8256316-9d03-431d-bea7-43bc1592111e_293452cd-0547-4a2c-97a1-b6ab3854807e): watermarks_with_noise/e0149967-73a1-4d8d-919f-8aeb2b66dd56.png
[2018-11-16 18:44:27,086: INFO/ForkPoolWorker-1] watermarking.task.mainTask[823197e3-a21e-46f4-a0bd-6bb37b70cbed]: Creating NoiseSprintWatermarking: Rotate45_Anier_c8256316-9d03-431d-bea7-43bc1592111e_293452cd-0547-4a2c-97a1-b6ab3854807e
[2018-11-16 18:44:28,619: INFO/ForkPoolWorker-1] watermarking.task.mainTask[823197e3-a21e-46f4-a0bd-6bb37b70cbed]: Updating watermarked_image_with_noise of NoiseSprintWatermarking(Rotate45_Anier_c8256316-9d03-431d-bea7-43bc1592111e_293452cd-0547-4a2c-97a1-b6ab3854807e): noised_images/b3cf0cfb-e2c0-476d-bc38-6a5bc5cff517.png
[2018-11-16 18:44:30,019: INFO/ForkPoolWorker-2] watermarking.task.mainTask[5ec24391-c22b-4b5c-aafe-d6176073f622]: Updating watermark_image_with_noise of NoiseSprintWatermarking(JPEG10_Anier_f7227831-375c-446c-b078-e90af09e5300_293452cd-0547-4a2c-97a1-b6ab3854807e): watermarks_with_noise/e740bf3c-343f-42f8-944b-13ddaac19fd4.png
[2018-11-16 18:44:30,141: INFO/ForkPoolWorker-2] watermarking.task.mainTask[5ec24391-c22b-4b5c-aafe-d6176073f622]: Creating NoiseSprintWatermarking: Rotate45_Anier_f7227831-375c-446c-b078-e90af09e5300_293452cd-0547-4a2c-97a1-b6ab3854807e
[2018-11-16 18:44:30,864: INFO/ForkPoolWorker-2] watermarking.task.mainTask[5ec24391-c22b-4b5c-aafe-d6176073f622]: Updating watermarked_image_with_noise of NoiseSprintWatermarking(Rotate45_Anier_f7227831-375c-446c-b078-e90af09e5300_293452cd-0547-4a2c-97a1-b6ab3854807e): noised_images/7ec3edb1-1d14-40a7-aa8a-1fbfd0a94c29.jpg
[2018-11-16 18:44:41,531: INFO/ForkPoolWorker-1] watermarking.task.mainTask[823197e3-a21e-46f4-a0bd-6bb37b70cbed]: Updating watermark_image_with_noise of NoiseSprintWatermarking(Rotate45_Anier_c8256316-9d03-431d-bea7-43bc1592111e_293452cd-0547-4a2c-97a1-b6ab3854807e): watermarks_with_noise/9acc26cb-6c46-4c5f-9acd-f3285f8ea4c5.png
[2018-11-16 18:44:41,664: INFO/ForkPoolWorker-1] watermarking.task.mainTask[823197e3-a21e-46f4-a0bd-6bb37b70cbed]: Creating NoiseSprintWatermarking: JPEG95_Anier_c8256316-9d03-431d-bea7-43bc1592111e_293452cd-0547-4a2c-97a1-b6ab3854807e
[2018-11-16 18:44:44,242: INFO/ForkPoolWorker-1] watermarking.task.mainTask[823197e3-a21e-46f4-a0bd-6bb37b70cbed]: Updating watermarked_image_with_noise of NoiseSprintWatermarking(JPEG95_Anier_c8256316-9d03-431d-bea7-43bc1592111e_293452cd-0547-4a2c-97a1-b6ab3854807e): noised_images/f2fa364c-d9d7-42ab-adeb-b43b5d7cc9da.png
[2018-11-16 18:44:44,509: INFO/ForkPoolWorker-2] watermarking.task.mainTask[5ec24391-c22b-4b5c-aafe-d6176073f622]: Updating watermark_image_with_noise of NoiseSprintWatermarking(Rotate45_Anier_f7227831-375c-446c-b078-e90af09e5300_293452cd-0547-4a2c-97a1-b6ab3854807e): watermarks_with_noise/919a3498-57a6-43e8-aad3-b360c77b13d6.png
[2018-11-16 18:44:44,631: INFO/ForkPoolWorker-2] watermarking.task.mainTask[5ec24391-c22b-4b5c-aafe-d6176073f622]: Creating NoiseSprintWatermarking: JPEG95_Anier_f7227831-375c-446c-b078-e90af09e5300_293452cd-0547-4a2c-97a1-b6ab3854807e
[2018-11-16 18:44:45,731: INFO/ForkPoolWorker-2] watermarking.task.mainTask[5ec24391-c22b-4b5c-aafe-d6176073f622]: Updating watermarked_image_with_noise of NoiseSprintWatermarking(JPEG95_Anier_f7227831-375c-446c-b078-e90af09e5300_293452cd-0547-4a2c-97a1-b6ab3854807e): noised_images/b822605f-5de4-4172-a9b6-08ce983220a5.jpg
[2018-11-16 18:44:57,065: INFO/ForkPoolWorker-1] watermarking.task.mainTask[823197e3-a21e-46f4-a0bd-6bb37b70cbed]: Updating watermark_image_with_noise of NoiseSprintWatermarking(JPEG95_Anier_c8256316-9d03-431d-bea7-43bc1592111e_293452cd-0547-4a2c-97a1-b6ab3854807e): watermarks_with_noise/f55e7506-e887-4596-bca4-28c72365dddc.png
[2018-11-16 18:44:57,187: INFO/ForkPoolWorker-1] watermarking.task.mainTask[823197e3-a21e-46f4-a0bd-6bb37b70cbed]: Creating MetricSprintWatermarking: PSNR_Anier_c8256316-9d03-431d-bea7-43bc1592111e_293452cd-0547-4a2c-97a1-b6ab3854807e
[2018-11-16 18:44:58,565: INFO/ForkPoolWorker-2] watermarking.task.mainTask[5ec24391-c22b-4b5c-aafe-d6176073f622]: Updating watermark_image_with_noise of NoiseSprintWatermarking(JPEG95_Anier_f7227831-375c-446c-b078-e90af09e5300_293452cd-0547-4a2c-97a1-b6ab3854807e): watermarks_with_noise/7e98bb15-d7d8-4df3-8272-e317e9ffeb5a.png
[2018-11-16 18:44:58,654: INFO/ForkPoolWorker-2] watermarking.task.mainTask[5ec24391-c22b-4b5c-aafe-d6176073f622]: Creating MetricSprintWatermarking: PSNR_Anier_f7227831-375c-446c-b078-e90af09e5300_293452cd-0547-4a2c-97a1-b6ab3854807e
[2018-11-16 18:45:06,554: INFO/ForkPoolWorker-1] watermarking.task.mainTask[823197e3-a21e-46f4-a0bd-6bb37b70cbed]: Updating value of MetricSprintWatermarking(PSNR_Anier_c8256316-9d03-431d-bea7-43bc1592111e_293452cd-0547-4a2c-97a1-b6ab3854807e): 67.63253519559251
[2018-11-16 18:45:06,879: INFO/ForkPoolWorker-2] watermarking.task.mainTask[5ec24391-c22b-4b5c-aafe-d6176073f622]: Updating value of MetricSprintWatermarking(PSNR_Anier_f7227831-375c-446c-b078-e90af09e5300_293452cd-0547-4a2c-97a1-b6ab3854807e): 57.12656196847735
[2018-11-16 18:45:09,087: INFO/ForkPoolWorker-2] Task watermarking.task.mainTask[5ec24391-c22b-4b5c-aafe-d6176073f622] succeeded in 116.45336070099984s: 'Success!'
[2018-11-16 18:45:09,332: INFO/ForkPoolWorker-1] Task watermarking.task.mainTask[823197e3-a21e-46f4-a0bd-6bb37b70cbed] succeeded in 123.89022066100006s: 'Success!'
[2018-11-16 18:59:19,374: INFO/MainProcess] Received task: watermarking.task.mainTask[8e1d0fb0-568f-48fa-93e2-aaea3d41e90f]  
[2018-11-16 18:59:19,693: INFO/ForkPoolWorker-1] watermarking.task.mainTask[8e1d0fb0-568f-48fa-93e2-aaea3d41e90f]: Creating NoiseSprintWatermarking: Rotate180_Anier_6668b2b6-e151-45ba-a480-aa41c63b7084_293452cd-0547-4a2c-97a1-b6ab3854807e
[2018-11-16 18:59:20,430: INFO/ForkPoolWorker-1] watermarking.task.mainTask[8e1d0fb0-568f-48fa-93e2-aaea3d41e90f]: Updating watermarked_image_with_noise of NoiseSprintWatermarking(Rotate180_Anier_6668b2b6-e151-45ba-a480-aa41c63b7084_293452cd-0547-4a2c-97a1-b6ab3854807e): noised_images/f761bfa5-68cd-46c8-b945-98b56d4ccf14.jpg
[2018-11-16 18:59:27,253: INFO/ForkPoolWorker-1] watermarking.task.mainTask[8e1d0fb0-568f-48fa-93e2-aaea3d41e90f]: Updating watermark_image_with_noise of NoiseSprintWatermarking(Rotate180_Anier_6668b2b6-e151-45ba-a480-aa41c63b7084_293452cd-0547-4a2c-97a1-b6ab3854807e): watermarks_with_noise/baabdbbd-4aff-4f97-a8ae-897e035268c5.png
[2018-11-16 18:59:27,401: INFO/ForkPoolWorker-1] watermarking.task.mainTask[8e1d0fb0-568f-48fa-93e2-aaea3d41e90f]: Creating NoiseSprintWatermarking: Rotate180_Anier_c8256316-9d03-431d-bea7-43bc1592111e_293452cd-0547-4a2c-97a1-b6ab3854807e
[2018-11-16 18:59:29,231: INFO/ForkPoolWorker-1] watermarking.task.mainTask[8e1d0fb0-568f-48fa-93e2-aaea3d41e90f]: Updating watermarked_image_with_noise of NoiseSprintWatermarking(Rotate180_Anier_c8256316-9d03-431d-bea7-43bc1592111e_293452cd-0547-4a2c-97a1-b6ab3854807e): noised_images/3181fb8c-ddaf-4eab-8a87-a7d1b8db15e4.png
[2018-11-16 18:59:40,364: INFO/ForkPoolWorker-1] watermarking.task.mainTask[8e1d0fb0-568f-48fa-93e2-aaea3d41e90f]: Updating watermark_image_with_noise of NoiseSprintWatermarking(Rotate180_Anier_c8256316-9d03-431d-bea7-43bc1592111e_293452cd-0547-4a2c-97a1-b6ab3854807e): watermarks_with_noise/72fadddf-100b-41c4-8b34-474b0a12b415.png
[2018-11-16 18:59:40,502: INFO/ForkPoolWorker-1] watermarking.task.mainTask[8e1d0fb0-568f-48fa-93e2-aaea3d41e90f]: Creating NoiseSprintWatermarking: Rotate180_Anier_f7227831-375c-446c-b078-e90af09e5300_293452cd-0547-4a2c-97a1-b6ab3854807e
[2018-11-16 18:59:40,998: INFO/ForkPoolWorker-1] watermarking.task.mainTask[8e1d0fb0-568f-48fa-93e2-aaea3d41e90f]: Updating watermarked_image_with_noise of NoiseSprintWatermarking(Rotate180_Anier_f7227831-375c-446c-b078-e90af09e5300_293452cd-0547-4a2c-97a1-b6ab3854807e): noised_images/8641c827-9f41-43b7-955b-1256f7fd3d02.jpg
[2018-11-16 18:59:52,198: INFO/ForkPoolWorker-1] watermarking.task.mainTask[8e1d0fb0-568f-48fa-93e2-aaea3d41e90f]: Updating watermark_image_with_noise of NoiseSprintWatermarking(Rotate180_Anier_f7227831-375c-446c-b078-e90af09e5300_293452cd-0547-4a2c-97a1-b6ab3854807e): watermarks_with_noise/ad182bd8-244a-4040-b74f-f82df39c6028.png
[2018-11-16 18:59:52,312: INFO/ForkPoolWorker-1] watermarking.task.mainTask[8e1d0fb0-568f-48fa-93e2-aaea3d41e90f]: Creating NoiseSprintWatermarking: Rotate180_Anier_ac2e4328-2afe-48de-944f-0eca8479a4f7_293452cd-0547-4a2c-97a1-b6ab3854807e
[2018-11-16 18:59:52,531: INFO/ForkPoolWorker-1] watermarking.task.mainTask[8e1d0fb0-568f-48fa-93e2-aaea3d41e90f]: Updating watermarked_image_with_noise of NoiseSprintWatermarking(Rotate180_Anier_ac2e4328-2afe-48de-944f-0eca8479a4f7_293452cd-0547-4a2c-97a1-b6ab3854807e): noised_images/5888f9b9-ba9c-42ec-ae2a-748be988687f.jpg
[2018-11-16 18:59:54,298: INFO/ForkPoolWorker-1] watermarking.task.mainTask[8e1d0fb0-568f-48fa-93e2-aaea3d41e90f]: Updating watermark_image_with_noise of NoiseSprintWatermarking(Rotate180_Anier_ac2e4328-2afe-48de-944f-0eca8479a4f7_293452cd-0547-4a2c-97a1-b6ab3854807e): watermarks_with_noise/a83fa9ae-8b79-476f-a619-6051bfd67043.png
[2018-11-16 18:59:54,426: INFO/ForkPoolWorker-1] watermarking.task.mainTask[8e1d0fb0-568f-48fa-93e2-aaea3d41e90f]: Creating NoiseSprintWatermarking: Rotate180_Anier_70081880-3a3b-4346-8ae5-7599d6df0dec_293452cd-0547-4a2c-97a1-b6ab3854807e
[2018-11-16 18:59:54,631: INFO/ForkPoolWorker-1] watermarking.task.mainTask[8e1d0fb0-568f-48fa-93e2-aaea3d41e90f]: Updating watermarked_image_with_noise of NoiseSprintWatermarking(Rotate180_Anier_70081880-3a3b-4346-8ae5-7599d6df0dec_293452cd-0547-4a2c-97a1-b6ab3854807e): noised_images/9beb2921-cfb8-4630-bfc0-81105f8c81ca.jpg
[2018-11-16 18:59:56,420: INFO/ForkPoolWorker-1] watermarking.task.mainTask[8e1d0fb0-568f-48fa-93e2-aaea3d41e90f]: Updating watermark_image_with_noise of NoiseSprintWatermarking(Rotate180_Anier_70081880-3a3b-4346-8ae5-7599d6df0dec_293452cd-0547-4a2c-97a1-b6ab3854807e): watermarks_with_noise/59f71039-7bd5-48ea-b7de-737188d73a7e.png
[2018-11-16 18:59:59,365: INFO/ForkPoolWorker-1] Task watermarking.task.mainTask[8e1d0fb0-568f-48fa-93e2-aaea3d41e90f] succeeded in 39.99015775399994s: 'Success!'
[2018-11-16 19:02:44,063: INFO/MainProcess] Received task: watermarking.task.mainTask[740da217-5170-44c1-9cda-dd866404ca97]  
[2018-11-16 19:02:44,749: INFO/ForkPoolWorker-2] watermarking.task.mainTask[740da217-5170-44c1-9cda-dd866404ca97]: Creating SprintWatermarking: Anier_e1eeaa26-fe6e-46db-a15f-dad6dca37aa1_293452cd-0547-4a2c-97a1-b6ab3854807e
[2018-11-16 19:02:58,438: INFO/ForkPoolWorker-2] watermarking.task.mainTask[740da217-5170-44c1-9cda-dd866404ca97]: Updating watermarked_image of SprintWatermarking: watermarked_images/c91dc3bf-063c-4918-b0ff-f1d90146e863.png
[2018-11-16 19:02:58,553: INFO/ForkPoolWorker-2] watermarking.task.mainTask[740da217-5170-44c1-9cda-dd866404ca97]: Creating NoiseSprintWatermarking: JPEG1%_Anier_e1eeaa26-fe6e-46db-a15f-dad6dca37aa1_293452cd-0547-4a2c-97a1-b6ab3854807e
[2018-11-16 19:02:58,850: INFO/ForkPoolWorker-2] watermarking.task.mainTask[740da217-5170-44c1-9cda-dd866404ca97]: Updating watermarked_image_with_noise of NoiseSprintWatermarking(JPEG1%_Anier_e1eeaa26-fe6e-46db-a15f-dad6dca37aa1_293452cd-0547-4a2c-97a1-b6ab3854807e): noised_images/84f7e0bf-3bfb-4028-9a5e-bb5098cb36b6.png
[2018-11-16 19:03:00,830: INFO/MainProcess] Received task: watermarking.task.mainTask[56b12be8-d84d-425d-9a57-bcf1454446e2]  
[2018-11-16 19:03:01,315: INFO/ForkPoolWorker-1] watermarking.task.mainTask[56b12be8-d84d-425d-9a57-bcf1454446e2]: Creating NoiseSprintWatermarking: JPEG10_Anier_e1eeaa26-fe6e-46db-a15f-dad6dca37aa1_293452cd-0547-4a2c-97a1-b6ab3854807e
[2018-11-16 19:03:02,127: INFO/ForkPoolWorker-1] watermarking.task.mainTask[56b12be8-d84d-425d-9a57-bcf1454446e2]: Updating watermarked_image_with_noise of NoiseSprintWatermarking(JPEG10_Anier_e1eeaa26-fe6e-46db-a15f-dad6dca37aa1_293452cd-0547-4a2c-97a1-b6ab3854807e): noised_images/f5d4108c-50e6-480a-b0b2-cdc1fd3085a8.png
[2018-11-16 19:03:05,072: INFO/ForkPoolWorker-2] watermarking.task.mainTask[740da217-5170-44c1-9cda-dd866404ca97]: Updating watermark_image_with_noise of NoiseSprintWatermarking(JPEG1%_Anier_e1eeaa26-fe6e-46db-a15f-dad6dca37aa1_293452cd-0547-4a2c-97a1-b6ab3854807e): watermarks_with_noise/6c3b26c1-b3a1-4ea2-945d-24ad07fce3c1.png
[2018-11-16 19:03:05,228: INFO/ForkPoolWorker-2] watermarking.task.mainTask[740da217-5170-44c1-9cda-dd866404ca97]: Creating NoiseSprintWatermarking: Rotate45_Anier_e1eeaa26-fe6e-46db-a15f-dad6dca37aa1_293452cd-0547-4a2c-97a1-b6ab3854807e
[2018-11-16 19:03:05,561: INFO/ForkPoolWorker-2] watermarking.task.mainTask[740da217-5170-44c1-9cda-dd866404ca97]: Updating watermarked_image_with_noise of NoiseSprintWatermarking(Rotate45_Anier_e1eeaa26-fe6e-46db-a15f-dad6dca37aa1_293452cd-0547-4a2c-97a1-b6ab3854807e): noised_images/6b9f9c25-c05e-484f-b440-fe96ec9a0ac0.png
[2018-11-16 19:03:08,028: INFO/ForkPoolWorker-1] watermarking.task.mainTask[56b12be8-d84d-425d-9a57-bcf1454446e2]: Updating watermark_image_with_noise of NoiseSprintWatermarking(JPEG10_Anier_e1eeaa26-fe6e-46db-a15f-dad6dca37aa1_293452cd-0547-4a2c-97a1-b6ab3854807e): watermarks_with_noise/9462a5b6-921a-4db3-afd3-609b3a6e206e.png
[2018-11-16 19:03:08,150: INFO/ForkPoolWorker-1] watermarking.task.mainTask[56b12be8-d84d-425d-9a57-bcf1454446e2]: Creating NoiseSprintWatermarking: JPEG95_Anier_e1eeaa26-fe6e-46db-a15f-dad6dca37aa1_293452cd-0547-4a2c-97a1-b6ab3854807e
[2018-11-16 19:03:08,483: INFO/ForkPoolWorker-1] watermarking.task.mainTask[56b12be8-d84d-425d-9a57-bcf1454446e2]: Updating watermarked_image_with_noise of NoiseSprintWatermarking(JPEG95_Anier_e1eeaa26-fe6e-46db-a15f-dad6dca37aa1_293452cd-0547-4a2c-97a1-b6ab3854807e): noised_images/e0abf301-8916-4cee-b845-7becef1deb0e.png
[2018-11-16 19:03:11,750: INFO/ForkPoolWorker-2] watermarking.task.mainTask[740da217-5170-44c1-9cda-dd866404ca97]: Updating watermark_image_with_noise of NoiseSprintWatermarking(Rotate45_Anier_e1eeaa26-fe6e-46db-a15f-dad6dca37aa1_293452cd-0547-4a2c-97a1-b6ab3854807e): watermarks_with_noise/daa7aa72-f429-43e5-8765-5fff66e4321c.png
[2018-11-16 19:03:11,850: INFO/ForkPoolWorker-2] watermarking.task.mainTask[740da217-5170-44c1-9cda-dd866404ca97]: Creating NoiseSprintWatermarking: Rotate180_Anier_e1eeaa26-fe6e-46db-a15f-dad6dca37aa1_293452cd-0547-4a2c-97a1-b6ab3854807e
[2018-11-16 19:03:12,161: INFO/ForkPoolWorker-2] watermarking.task.mainTask[740da217-5170-44c1-9cda-dd866404ca97]: Updating watermarked_image_with_noise of NoiseSprintWatermarking(Rotate180_Anier_e1eeaa26-fe6e-46db-a15f-dad6dca37aa1_293452cd-0547-4a2c-97a1-b6ab3854807e): noised_images/62a0db6b-63e1-44fc-9620-0c7bdbebed0b.png
[2018-11-16 19:03:14,983: INFO/ForkPoolWorker-1] watermarking.task.mainTask[56b12be8-d84d-425d-9a57-bcf1454446e2]: Updating watermark_image_with_noise of NoiseSprintWatermarking(JPEG95_Anier_e1eeaa26-fe6e-46db-a15f-dad6dca37aa1_293452cd-0547-4a2c-97a1-b6ab3854807e): watermarks_with_noise/6bf627b1-20eb-430d-b820-f6c640f42405.png
[2018-11-16 19:03:15,572: INFO/ForkPoolWorker-1] watermarking.task.mainTask[56b12be8-d84d-425d-9a57-bcf1454446e2]: Creating MetricSprintWatermarking: PSNR_Anier_e1eeaa26-fe6e-46db-a15f-dad6dca37aa1_293452cd-0547-4a2c-97a1-b6ab3854807e
[2018-11-16 19:03:18,095: INFO/ForkPoolWorker-2] watermarking.task.mainTask[740da217-5170-44c1-9cda-dd866404ca97]: Updating watermark_image_with_noise of NoiseSprintWatermarking(Rotate180_Anier_e1eeaa26-fe6e-46db-a15f-dad6dca37aa1_293452cd-0547-4a2c-97a1-b6ab3854807e): watermarks_with_noise/acd5b67b-ce94-455e-b211-a0b0bfc280ba.png
[2018-11-16 19:03:18,861: INFO/ForkPoolWorker-1] watermarking.task.mainTask[56b12be8-d84d-425d-9a57-bcf1454446e2]: Updating value of MetricSprintWatermarking(PSNR_Anier_e1eeaa26-fe6e-46db-a15f-dad6dca37aa1_293452cd-0547-4a2c-97a1-b6ab3854807e): 64.22598136587092
[2018-11-16 19:03:18,984: INFO/ForkPoolWorker-1] watermarking.task.mainTask[56b12be8-d84d-425d-9a57-bcf1454446e2]: Creating SprintWatermarking: Anier_da2f7404-86a4-43c1-abf9-fa405f19c8d5_293452cd-0547-4a2c-97a1-b6ab3854807e
[2018-11-16 19:03:20,806: INFO/ForkPoolWorker-2] Task watermarking.task.mainTask[740da217-5170-44c1-9cda-dd866404ca97] succeeded in 36.742219335999835s: 'Success!'
[2018-11-16 19:03:26,328: INFO/ForkPoolWorker-1] watermarking.task.mainTask[56b12be8-d84d-425d-9a57-bcf1454446e2]: Updating watermarked_image of SprintWatermarking: watermarked_images/ac9cd126-9b43-42c3-bc82-c9d71783b828.jpg
[2018-11-16 19:03:26,468: INFO/ForkPoolWorker-1] watermarking.task.mainTask[56b12be8-d84d-425d-9a57-bcf1454446e2]: Creating NoiseSprintWatermarking: JPEG1%_Anier_da2f7404-86a4-43c1-abf9-fa405f19c8d5_293452cd-0547-4a2c-97a1-b6ab3854807e
[2018-11-16 19:03:26,717: INFO/ForkPoolWorker-1] watermarking.task.mainTask[56b12be8-d84d-425d-9a57-bcf1454446e2]: Updating watermarked_image_with_noise of NoiseSprintWatermarking(JPEG1%_Anier_da2f7404-86a4-43c1-abf9-fa405f19c8d5_293452cd-0547-4a2c-97a1-b6ab3854807e): noised_images/a9aa9903-811c-4b03-aabf-1a52b440a202.jpg
[2018-11-16 19:03:30,573: INFO/ForkPoolWorker-1] watermarking.task.mainTask[56b12be8-d84d-425d-9a57-bcf1454446e2]: Updating watermark_image_with_noise of NoiseSprintWatermarking(JPEG1%_Anier_da2f7404-86a4-43c1-abf9-fa405f19c8d5_293452cd-0547-4a2c-97a1-b6ab3854807e): watermarks_with_noise/095792f6-519c-40dc-8f45-512da43ee34f.png
[2018-11-16 19:03:30,684: INFO/ForkPoolWorker-1] watermarking.task.mainTask[56b12be8-d84d-425d-9a57-bcf1454446e2]: Creating NoiseSprintWatermarking: JPEG10_Anier_da2f7404-86a4-43c1-abf9-fa405f19c8d5_293452cd-0547-4a2c-97a1-b6ab3854807e
[2018-11-16 19:03:30,976: INFO/ForkPoolWorker-1] watermarking.task.mainTask[56b12be8-d84d-425d-9a57-bcf1454446e2]: Updating watermarked_image_with_noise of NoiseSprintWatermarking(JPEG10_Anier_da2f7404-86a4-43c1-abf9-fa405f19c8d5_293452cd-0547-4a2c-97a1-b6ab3854807e): noised_images/5ece9296-89f3-4938-88a5-8277cd44cb4f.jpg
[2018-11-16 19:03:34,484: INFO/ForkPoolWorker-1] watermarking.task.mainTask[56b12be8-d84d-425d-9a57-bcf1454446e2]: Updating watermark_image_with_noise of NoiseSprintWatermarking(JPEG10_Anier_da2f7404-86a4-43c1-abf9-fa405f19c8d5_293452cd-0547-4a2c-97a1-b6ab3854807e): watermarks_with_noise/edca1cd6-72d0-4168-99c7-516e749a5397.png
[2018-11-16 19:03:34,595: INFO/ForkPoolWorker-1] watermarking.task.mainTask[56b12be8-d84d-425d-9a57-bcf1454446e2]: Creating NoiseSprintWatermarking: Rotate45_Anier_da2f7404-86a4-43c1-abf9-fa405f19c8d5_293452cd-0547-4a2c-97a1-b6ab3854807e
[2018-11-16 19:03:34,873: INFO/ForkPoolWorker-1] watermarking.task.mainTask[56b12be8-d84d-425d-9a57-bcf1454446e2]: Updating watermarked_image_with_noise of NoiseSprintWatermarking(Rotate45_Anier_da2f7404-86a4-43c1-abf9-fa405f19c8d5_293452cd-0547-4a2c-97a1-b6ab3854807e): noised_images/e7a6a735-2579-4a5f-9ea2-77768b0c79fd.jpg
[2018-11-16 19:03:37,673: INFO/ForkPoolWorker-1] watermarking.task.mainTask[56b12be8-d84d-425d-9a57-bcf1454446e2]: Updating watermark_image_with_noise of NoiseSprintWatermarking(Rotate45_Anier_da2f7404-86a4-43c1-abf9-fa405f19c8d5_293452cd-0547-4a2c-97a1-b6ab3854807e): watermarks_with_noise/3fc71f20-b85e-4fd4-ad0d-f90e3b455f5c.png
[2018-11-16 19:03:37,784: INFO/ForkPoolWorker-1] watermarking.task.mainTask[56b12be8-d84d-425d-9a57-bcf1454446e2]: Creating NoiseSprintWatermarking: JPEG95_Anier_da2f7404-86a4-43c1-abf9-fa405f19c8d5_293452cd-0547-4a2c-97a1-b6ab3854807e
[2018-11-16 19:03:38,018: INFO/ForkPoolWorker-1] watermarking.task.mainTask[56b12be8-d84d-425d-9a57-bcf1454446e2]: Updating watermarked_image_with_noise of NoiseSprintWatermarking(JPEG95_Anier_da2f7404-86a4-43c1-abf9-fa405f19c8d5_293452cd-0547-4a2c-97a1-b6ab3854807e): noised_images/bc147a72-be94-4420-a0a0-a0bc510db354.jpg
[2018-11-16 19:03:40,884: INFO/ForkPoolWorker-1] watermarking.task.mainTask[56b12be8-d84d-425d-9a57-bcf1454446e2]: Updating watermark_image_with_noise of NoiseSprintWatermarking(JPEG95_Anier_da2f7404-86a4-43c1-abf9-fa405f19c8d5_293452cd-0547-4a2c-97a1-b6ab3854807e): watermarks_with_noise/da531d9e-712b-4cc0-8dc7-1bf55aaa3400.png
[2018-11-16 19:03:40,996: INFO/ForkPoolWorker-1] watermarking.task.mainTask[56b12be8-d84d-425d-9a57-bcf1454446e2]: Creating NoiseSprintWatermarking: Rotate180_Anier_da2f7404-86a4-43c1-abf9-fa405f19c8d5_293452cd-0547-4a2c-97a1-b6ab3854807e
[2018-11-16 19:03:41,251: INFO/ForkPoolWorker-1] watermarking.task.mainTask[56b12be8-d84d-425d-9a57-bcf1454446e2]: Updating watermarked_image_with_noise of NoiseSprintWatermarking(Rotate180_Anier_da2f7404-86a4-43c1-abf9-fa405f19c8d5_293452cd-0547-4a2c-97a1-b6ab3854807e): noised_images/d73b8a0c-f4f9-4faa-bbe5-24b636c94e28.jpg
[2018-11-16 19:03:44,074: INFO/ForkPoolWorker-1] watermarking.task.mainTask[56b12be8-d84d-425d-9a57-bcf1454446e2]: Updating watermark_image_with_noise of NoiseSprintWatermarking(Rotate180_Anier_da2f7404-86a4-43c1-abf9-fa405f19c8d5_293452cd-0547-4a2c-97a1-b6ab3854807e): watermarks_with_noise/555a45fd-dac4-4d07-a061-f5a2fa67613f.png
[2018-11-16 19:03:44,185: INFO/ForkPoolWorker-1] watermarking.task.mainTask[56b12be8-d84d-425d-9a57-bcf1454446e2]: Creating MetricSprintWatermarking: PSNR_Anier_da2f7404-86a4-43c1-abf9-fa405f19c8d5_293452cd-0547-4a2c-97a1-b6ab3854807e
[2018-11-16 19:03:45,785: INFO/ForkPoolWorker-1] watermarking.task.mainTask[56b12be8-d84d-425d-9a57-bcf1454446e2]: Updating value of MetricSprintWatermarking(PSNR_Anier_da2f7404-86a4-43c1-abf9-fa405f19c8d5_293452cd-0547-4a2c-97a1-b6ab3854807e): 52.965679398914446
[2018-11-16 19:03:48,730: INFO/ForkPoolWorker-1] Task watermarking.task.mainTask[56b12be8-d84d-425d-9a57-bcf1454446e2] succeeded in 47.89819720300011s: 'Success!'
