[2018-11-16 11:41:04,261: INFO/MainProcess] Connected to amqp://guest:**@127.0.0.1:5672//
[2018-11-16 11:41:04,268: INFO/MainProcess] mingle: searching for neighbors
[2018-11-16 11:41:05,285: INFO/MainProcess] mingle: all alone
[2018-11-16 11:41:05,307: WARNING/MainProcess] /home/ernesto/Work/dhmdi/Code/dhmdi/env/lib/python3.5/site-packages/celery/fixups/django.py:200: UserWarning: Using settings.DEBUG leads to a memory leak, never use this setting in production environments!
  warnings.warn('Using settings.DEBUG leads to a memory leak, never '
[2018-11-16 11:41:05,308: INFO/MainProcess] celery@ernesto-H81-M1 ready.
[2018-11-16 11:42:14,628: INFO/MainProcess] Received task: watermarking.task.mainTask[f7e5d82b-164f-46c8-bf61-1691aa4962d8]  
[2018-11-16 11:42:15,042: INFO/ForkPoolWorker-2] watermarking.task.mainTask[f7e5d82b-164f-46c8-bf61-1691aa4962d8]: Creating SprintWatermarking: Anier_3369ffc4-d3e5-40fb-b225-49b6e349b771_c71b1e64-414f-4391-bdee-6dff267e7a76
[2018-11-16 11:42:21,841: INFO/MainProcess] Received task: watermarking.task.mainTask[39b18192-b13a-4595-9504-5e2243b55c20]  
[2018-11-16 11:42:22,160: INFO/ForkPoolWorker-3] watermarking.task.mainTask[39b18192-b13a-4595-9504-5e2243b55c20]: Creating NoiseSprintWatermarking: JPEG1%_Anier_3369ffc4-d3e5-40fb-b225-49b6e349b771_c71b1e64-414f-4391-bdee-6dff267e7a76
[2018-11-16 11:42:22,602: INFO/ForkPoolWorker-3] watermarking.task.mainTask[39b18192-b13a-4595-9504-5e2243b55c20]: Updating watermarked_image_with_noise of NoiseSprintWatermarking(JPEG1%_Anier_3369ffc4-d3e5-40fb-b225-49b6e349b771_c71b1e64-414f-4391-bdee-6dff267e7a76): noised_images/a7af36b8-dfdb-434f-be50-22afecff7090.jpg
[2018-11-16 11:42:23,202: INFO/ForkPoolWorker-3] watermarking.task.mainTask[39b18192-b13a-4595-9504-5e2243b55c20]: Updating watermark_image_with_noise of NoiseSprintWatermarking(JPEG1%_Anier_3369ffc4-d3e5-40fb-b225-49b6e349b771_c71b1e64-414f-4391-bdee-6dff267e7a76): watermarks_with_noise/ecf41041-fe6e-4ac6-bb58-31213415a592.png
[2018-11-16 11:42:23,343: INFO/ForkPoolWorker-3] watermarking.task.mainTask[39b18192-b13a-4595-9504-5e2243b55c20]: Creating NoiseSprintWatermarking: JPEG10%_Anier_3369ffc4-d3e5-40fb-b225-49b6e349b771_c71b1e64-414f-4391-bdee-6dff267e7a76
[2018-11-16 11:42:23,527: INFO/ForkPoolWorker-3] watermarking.task.mainTask[39b18192-b13a-4595-9504-5e2243b55c20]: Updating watermarked_image_with_noise of NoiseSprintWatermarking(JPEG10%_Anier_3369ffc4-d3e5-40fb-b225-49b6e349b771_c71b1e64-414f-4391-bdee-6dff267e7a76): noised_images/32859adb-3233-49f9-b7b7-d80680cd921f.jpg
[2018-11-16 11:42:24,227: INFO/ForkPoolWorker-3] watermarking.task.mainTask[39b18192-b13a-4595-9504-5e2243b55c20]: Updating watermark_image_with_noise of NoiseSprintWatermarking(JPEG10%_Anier_3369ffc4-d3e5-40fb-b225-49b6e349b771_c71b1e64-414f-4391-bdee-6dff267e7a76): watermarks_with_noise/ce48d6d2-7b2f-4863-83d4-fa9bc9f13e95.png
[2018-11-16 11:42:24,360: INFO/ForkPoolWorker-3] watermarking.task.mainTask[39b18192-b13a-4595-9504-5e2243b55c20]: Creating NoiseSprintWatermarking: Rotate30_Anier_3369ffc4-d3e5-40fb-b225-49b6e349b771_c71b1e64-414f-4391-bdee-6dff267e7a76
[2018-11-16 11:42:24,577: INFO/ForkPoolWorker-3] watermarking.task.mainTask[39b18192-b13a-4595-9504-5e2243b55c20]: Updating watermarked_image_with_noise of NoiseSprintWatermarking(Rotate30_Anier_3369ffc4-d3e5-40fb-b225-49b6e349b771_c71b1e64-414f-4391-bdee-6dff267e7a76): noised_images/4b1ba216-06a4-49d8-83fb-af2a3b167aa4.jpg
[2018-11-16 11:42:25,185: INFO/ForkPoolWorker-3] watermarking.task.mainTask[39b18192-b13a-4595-9504-5e2243b55c20]: Updating watermark_image_with_noise of NoiseSprintWatermarking(Rotate30_Anier_3369ffc4-d3e5-40fb-b225-49b6e349b771_c71b1e64-414f-4391-bdee-6dff267e7a76): watermarks_with_noise/ab6ce2a6-e25b-4f00-924b-81b7a1e33df8.png
[2018-11-16 11:42:25,327: INFO/ForkPoolWorker-3] watermarking.task.mainTask[39b18192-b13a-4595-9504-5e2243b55c20]: Creating NoiseSprintWatermarking: Rotate45_JPEG50_Anier_3369ffc4-d3e5-40fb-b225-49b6e349b771_c71b1e64-414f-4391-bdee-6dff267e7a76
[2018-11-16 11:42:25,527: INFO/ForkPoolWorker-3] watermarking.task.mainTask[39b18192-b13a-4595-9504-5e2243b55c20]: Updating watermarked_image_with_noise of NoiseSprintWatermarking(Rotate45_JPEG50_Anier_3369ffc4-d3e5-40fb-b225-49b6e349b771_c71b1e64-414f-4391-bdee-6dff267e7a76): noised_images/06173682-73ca-4de4-984a-2838ce83ba0b.jpg
[2018-11-16 11:42:26,152: INFO/ForkPoolWorker-3] watermarking.task.mainTask[39b18192-b13a-4595-9504-5e2243b55c20]: Updating watermark_image_with_noise of NoiseSprintWatermarking(Rotate45_JPEG50_Anier_3369ffc4-d3e5-40fb-b225-49b6e349b771_c71b1e64-414f-4391-bdee-6dff267e7a76): watermarks_with_noise/b69563ef-d85f-41e6-b853-eaa2e5a42891.png
[2018-11-16 11:42:26,294: INFO/ForkPoolWorker-3] watermarking.task.mainTask[39b18192-b13a-4595-9504-5e2243b55c20]: Creating NoiseSprintWatermarking: JPEG90_Anier_3369ffc4-d3e5-40fb-b225-49b6e349b771_c71b1e64-414f-4391-bdee-6dff267e7a76
[2018-11-16 11:42:26,494: INFO/ForkPoolWorker-3] watermarking.task.mainTask[39b18192-b13a-4595-9504-5e2243b55c20]: Updating watermarked_image_with_noise of NoiseSprintWatermarking(JPEG90_Anier_3369ffc4-d3e5-40fb-b225-49b6e349b771_c71b1e64-414f-4391-bdee-6dff267e7a76): noised_images/49ffbbe7-7e95-4f05-9e6d-9620f5f237ef.jpg
[2018-11-16 11:42:27,194: INFO/ForkPoolWorker-3] watermarking.task.mainTask[39b18192-b13a-4595-9504-5e2243b55c20]: Updating watermark_image_with_noise of NoiseSprintWatermarking(JPEG90_Anier_3369ffc4-d3e5-40fb-b225-49b6e349b771_c71b1e64-414f-4391-bdee-6dff267e7a76): watermarks_with_noise/80e36c18-5bb7-4e9a-a5c9-c36940b07a1a.png
[2018-11-16 11:42:27,327: INFO/ForkPoolWorker-3] watermarking.task.mainTask[39b18192-b13a-4595-9504-5e2243b55c20]: Creating SprintWatermarking: Anier_51684994-2101-44de-9455-f9ae2d24b373_c71b1e64-414f-4391-bdee-6dff267e7a76
[2018-11-16 11:42:29,094: INFO/MainProcess] Received task: watermarking.task.mainTask[6ea40498-8a3c-43b4-9f4b-7f02f3c7b3d0]  
[2018-11-16 11:42:29,647: INFO/ForkPoolWorker-1] watermarking.task.mainTask[6ea40498-8a3c-43b4-9f4b-7f02f3c7b3d0]: Creating NoiseSprintWatermarking: JPEG1%_Anier_51684994-2101-44de-9455-f9ae2d24b373_c71b1e64-414f-4391-bdee-6dff267e7a76
[2018-11-16 11:42:29,844: INFO/ForkPoolWorker-1] watermarking.task.mainTask[6ea40498-8a3c-43b4-9f4b-7f02f3c7b3d0]: Updating watermarked_image_with_noise of NoiseSprintWatermarking(JPEG1%_Anier_51684994-2101-44de-9455-f9ae2d24b373_c71b1e64-414f-4391-bdee-6dff267e7a76): noised_images/e6177385-a4d4-41e5-9f77-03f62f2a3917.jpg
[2018-11-16 11:42:30,570: INFO/ForkPoolWorker-1] watermarking.task.mainTask[6ea40498-8a3c-43b4-9f4b-7f02f3c7b3d0]: Updating watermark_image_with_noise of NoiseSprintWatermarking(JPEG1%_Anier_51684994-2101-44de-9455-f9ae2d24b373_c71b1e64-414f-4391-bdee-6dff267e7a76): watermarks_with_noise/ac56ba97-b4e4-41d3-b392-845a047da949.png
[2018-11-16 11:42:30,894: INFO/ForkPoolWorker-1] watermarking.task.mainTask[6ea40498-8a3c-43b4-9f4b-7f02f3c7b3d0]: Creating NoiseSprintWatermarking: JPEG10%_Anier_51684994-2101-44de-9455-f9ae2d24b373_c71b1e64-414f-4391-bdee-6dff267e7a76
[2018-11-16 11:42:31,111: INFO/ForkPoolWorker-1] watermarking.task.mainTask[6ea40498-8a3c-43b4-9f4b-7f02f3c7b3d0]: Updating watermarked_image_with_noise of NoiseSprintWatermarking(JPEG10%_Anier_51684994-2101-44de-9455-f9ae2d24b373_c71b1e64-414f-4391-bdee-6dff267e7a76): noised_images/89f9e307-5242-4f84-b467-b296a76ecb54.jpg
[2018-11-16 11:42:31,778: INFO/ForkPoolWorker-1] watermarking.task.mainTask[6ea40498-8a3c-43b4-9f4b-7f02f3c7b3d0]: Updating watermark_image_with_noise of NoiseSprintWatermarking(JPEG10%_Anier_51684994-2101-44de-9455-f9ae2d24b373_c71b1e64-414f-4391-bdee-6dff267e7a76): watermarks_with_noise/ca048b61-f3cb-448e-8aae-559b653f1e66.png
[2018-11-16 11:42:31,911: INFO/ForkPoolWorker-1] watermarking.task.mainTask[6ea40498-8a3c-43b4-9f4b-7f02f3c7b3d0]: Creating NoiseSprintWatermarking: Rotate30_Anier_51684994-2101-44de-9455-f9ae2d24b373_c71b1e64-414f-4391-bdee-6dff267e7a76
[2018-11-16 11:42:32,070: INFO/ForkPoolWorker-2] watermarking.task.mainTask[f7e5d82b-164f-46c8-bf61-1691aa4962d8]: Updating watermarked_image of SprintWatermarking: watermarked_images/81e5adfb-6b95-4097-861d-520c682a184b.jpg
[2018-11-16 11:42:32,247: INFO/ForkPoolWorker-2] watermarking.task.mainTask[f7e5d82b-164f-46c8-bf61-1691aa4962d8]: Creating MetricSprintWatermarking: PSNR_Anier_3369ffc4-d3e5-40fb-b225-49b6e349b771_c71b1e64-414f-4391-bdee-6dff267e7a76
[2018-11-16 11:42:32,428: INFO/ForkPoolWorker-1] watermarking.task.mainTask[6ea40498-8a3c-43b4-9f4b-7f02f3c7b3d0]: Updating watermarked_image_with_noise of NoiseSprintWatermarking(Rotate30_Anier_51684994-2101-44de-9455-f9ae2d24b373_c71b1e64-414f-4391-bdee-6dff267e7a76): noised_images/04badd56-bbd4-4f2d-bbcf-3a695e98ef55.jpg
[2018-11-16 11:42:33,111: INFO/ForkPoolWorker-1] watermarking.task.mainTask[6ea40498-8a3c-43b4-9f4b-7f02f3c7b3d0]: Updating watermark_image_with_noise of NoiseSprintWatermarking(Rotate30_Anier_51684994-2101-44de-9455-f9ae2d24b373_c71b1e64-414f-4391-bdee-6dff267e7a76): watermarks_with_noise/6a7c24a0-9f25-42ac-b852-d8e765dd3687.png
[2018-11-16 11:42:33,245: INFO/ForkPoolWorker-1] watermarking.task.mainTask[6ea40498-8a3c-43b4-9f4b-7f02f3c7b3d0]: Creating NoiseSprintWatermarking: Rotate45_JPEG50_Anier_51684994-2101-44de-9455-f9ae2d24b373_c71b1e64-414f-4391-bdee-6dff267e7a76
[2018-11-16 11:42:33,445: INFO/ForkPoolWorker-1] watermarking.task.mainTask[6ea40498-8a3c-43b4-9f4b-7f02f3c7b3d0]: Updating watermarked_image_with_noise of NoiseSprintWatermarking(Rotate45_JPEG50_Anier_51684994-2101-44de-9455-f9ae2d24b373_c71b1e64-414f-4391-bdee-6dff267e7a76): noised_images/3133986e-b5bd-468d-b78d-3e2964868987.jpg
[2018-11-16 11:42:34,120: INFO/ForkPoolWorker-1] watermarking.task.mainTask[6ea40498-8a3c-43b4-9f4b-7f02f3c7b3d0]: Updating watermark_image_with_noise of NoiseSprintWatermarking(Rotate45_JPEG50_Anier_51684994-2101-44de-9455-f9ae2d24b373_c71b1e64-414f-4391-bdee-6dff267e7a76): watermarks_with_noise/f80a3a7f-fada-481f-a622-2a30c3fce4b9.png
[2018-11-16 11:42:34,236: INFO/ForkPoolWorker-1] watermarking.task.mainTask[6ea40498-8a3c-43b4-9f4b-7f02f3c7b3d0]: Creating NoiseSprintWatermarking: JPEG90_Anier_51684994-2101-44de-9455-f9ae2d24b373_c71b1e64-414f-4391-bdee-6dff267e7a76
[2018-11-16 11:42:34,437: INFO/ForkPoolWorker-1] watermarking.task.mainTask[6ea40498-8a3c-43b4-9f4b-7f02f3c7b3d0]: Updating watermarked_image_with_noise of NoiseSprintWatermarking(JPEG90_Anier_51684994-2101-44de-9455-f9ae2d24b373_c71b1e64-414f-4391-bdee-6dff267e7a76): noised_images/b2d5018a-350e-4dcf-9505-7f87f08ab149.jpg
[2018-11-16 11:42:35,062: INFO/ForkPoolWorker-1] watermarking.task.mainTask[6ea40498-8a3c-43b4-9f4b-7f02f3c7b3d0]: Updating watermark_image_with_noise of NoiseSprintWatermarking(JPEG90_Anier_51684994-2101-44de-9455-f9ae2d24b373_c71b1e64-414f-4391-bdee-6dff267e7a76): watermarks_with_noise/76638568-f5e1-4a26-bcca-9fa186da676a.png
[2018-11-16 11:42:35,195: INFO/ForkPoolWorker-1] watermarking.task.mainTask[6ea40498-8a3c-43b4-9f4b-7f02f3c7b3d0]: Creating SprintWatermarking: Anier_6d8ecbec-cb44-4dc8-9a5b-b6e176759ffe_c71b1e64-414f-4391-bdee-6dff267e7a76
[2018-11-16 11:42:36,431: INFO/MainProcess] Received task: watermarking.task.mainTask[8abcb09b-b49a-43a7-8a0f-b6795fcc7fde]  
[2018-11-16 11:42:37,014: INFO/ForkPoolWorker-4] watermarking.task.mainTask[8abcb09b-b49a-43a7-8a0f-b6795fcc7fde]: Creating NoiseSprintWatermarking: JPEG1%_Anier_6d8ecbec-cb44-4dc8-9a5b-b6e176759ffe_c71b1e64-414f-4391-bdee-6dff267e7a76
[2018-11-16 11:42:37,404: INFO/ForkPoolWorker-4] watermarking.task.mainTask[8abcb09b-b49a-43a7-8a0f-b6795fcc7fde]: Updating watermarked_image_with_noise of NoiseSprintWatermarking(JPEG1%_Anier_6d8ecbec-cb44-4dc8-9a5b-b6e176759ffe_c71b1e64-414f-4391-bdee-6dff267e7a76): noised_images/6bb1ef1e-68b3-4cfb-9def-75d5342fb453.png
[2018-11-16 11:42:38,112: INFO/ForkPoolWorker-4] watermarking.task.mainTask[8abcb09b-b49a-43a7-8a0f-b6795fcc7fde]: Updating watermark_image_with_noise of NoiseSprintWatermarking(JPEG1%_Anier_6d8ecbec-cb44-4dc8-9a5b-b6e176759ffe_c71b1e64-414f-4391-bdee-6dff267e7a76): watermarks_with_noise/f9f84db7-d4ba-4031-9b9c-0751c185f9b5.png
[2018-11-16 11:42:38,270: INFO/ForkPoolWorker-4] watermarking.task.mainTask[8abcb09b-b49a-43a7-8a0f-b6795fcc7fde]: Creating NoiseSprintWatermarking: JPEG10%_Anier_6d8ecbec-cb44-4dc8-9a5b-b6e176759ffe_c71b1e64-414f-4391-bdee-6dff267e7a76
[2018-11-16 11:42:38,470: INFO/ForkPoolWorker-4] watermarking.task.mainTask[8abcb09b-b49a-43a7-8a0f-b6795fcc7fde]: Updating watermarked_image_with_noise of NoiseSprintWatermarking(JPEG10%_Anier_6d8ecbec-cb44-4dc8-9a5b-b6e176759ffe_c71b1e64-414f-4391-bdee-6dff267e7a76): noised_images/586bb3bd-99d3-4ca3-9aca-2102dfc8c365.png
[2018-11-16 11:42:38,771: INFO/ForkPoolWorker-2] watermarking.task.mainTask[f7e5d82b-164f-46c8-bf61-1691aa4962d8]: Updating value of MetricSprintWatermarking(PSNR_Anier_3369ffc4-d3e5-40fb-b225-49b6e349b771_c71b1e64-414f-4391-bdee-6dff267e7a76): 52.229781659764704
[2018-11-16 11:42:39,221: INFO/ForkPoolWorker-4] watermarking.task.mainTask[8abcb09b-b49a-43a7-8a0f-b6795fcc7fde]: Updating watermark_image_with_noise of NoiseSprintWatermarking(JPEG10%_Anier_6d8ecbec-cb44-4dc8-9a5b-b6e176759ffe_c71b1e64-414f-4391-bdee-6dff267e7a76): watermarks_with_noise/b6b0aa6c-793c-4b3b-8325-ca21f8f8b294.png
[2018-11-16 11:42:39,367: INFO/ForkPoolWorker-4] watermarking.task.mainTask[8abcb09b-b49a-43a7-8a0f-b6795fcc7fde]: Creating NoiseSprintWatermarking: Rotate30_Anier_6d8ecbec-cb44-4dc8-9a5b-b6e176759ffe_c71b1e64-414f-4391-bdee-6dff267e7a76
[2018-11-16 11:42:39,671: INFO/ForkPoolWorker-4] watermarking.task.mainTask[8abcb09b-b49a-43a7-8a0f-b6795fcc7fde]: Updating watermarked_image_with_noise of NoiseSprintWatermarking(Rotate30_Anier_6d8ecbec-cb44-4dc8-9a5b-b6e176759ffe_c71b1e64-414f-4391-bdee-6dff267e7a76): noised_images/5418103d-79c3-41c6-8744-2df26c68a6f5.png
[2018-11-16 11:42:40,554: INFO/ForkPoolWorker-4] watermarking.task.mainTask[8abcb09b-b49a-43a7-8a0f-b6795fcc7fde]: Updating watermark_image_with_noise of NoiseSprintWatermarking(Rotate30_Anier_6d8ecbec-cb44-4dc8-9a5b-b6e176759ffe_c71b1e64-414f-4391-bdee-6dff267e7a76): watermarks_with_noise/faeea516-0057-4fcb-8c7b-629e17380d55.png
[2018-11-16 11:42:40,679: INFO/ForkPoolWorker-4] watermarking.task.mainTask[8abcb09b-b49a-43a7-8a0f-b6795fcc7fde]: Creating NoiseSprintWatermarking: Rotate45_JPEG50_Anier_6d8ecbec-cb44-4dc8-9a5b-b6e176759ffe_c71b1e64-414f-4391-bdee-6dff267e7a76
[2018-11-16 11:42:41,271: INFO/ForkPoolWorker-4] watermarking.task.mainTask[8abcb09b-b49a-43a7-8a0f-b6795fcc7fde]: Updating watermarked_image_with_noise of NoiseSprintWatermarking(Rotate45_JPEG50_Anier_6d8ecbec-cb44-4dc8-9a5b-b6e176759ffe_c71b1e64-414f-4391-bdee-6dff267e7a76): noised_images/68e13364-bb4c-4187-8f78-151fde185f89.png
[2018-11-16 11:42:42,363: INFO/ForkPoolWorker-4] watermarking.task.mainTask[8abcb09b-b49a-43a7-8a0f-b6795fcc7fde]: Updating watermark_image_with_noise of NoiseSprintWatermarking(Rotate45_JPEG50_Anier_6d8ecbec-cb44-4dc8-9a5b-b6e176759ffe_c71b1e64-414f-4391-bdee-6dff267e7a76): watermarks_with_noise/25deab11-5cf8-4eee-bae1-2f19e649fe42.png
[2018-11-16 11:42:42,504: INFO/ForkPoolWorker-4] watermarking.task.mainTask[8abcb09b-b49a-43a7-8a0f-b6795fcc7fde]: Creating NoiseSprintWatermarking: JPEG90_Anier_6d8ecbec-cb44-4dc8-9a5b-b6e176759ffe_c71b1e64-414f-4391-bdee-6dff267e7a76
[2018-11-16 11:42:43,071: INFO/ForkPoolWorker-4] watermarking.task.mainTask[8abcb09b-b49a-43a7-8a0f-b6795fcc7fde]: Updating watermarked_image_with_noise of NoiseSprintWatermarking(JPEG90_Anier_6d8ecbec-cb44-4dc8-9a5b-b6e176759ffe_c71b1e64-414f-4391-bdee-6dff267e7a76): noised_images/daa0bb89-ad5a-42e1-8d5a-f8a60f3d98d9.png
[2018-11-16 11:42:43,605: INFO/ForkPoolWorker-1] watermarking.task.mainTask[6ea40498-8a3c-43b4-9f4b-7f02f3c7b3d0]: Updating watermarked_image of SprintWatermarking: watermarked_images/8c3f48d7-6283-4c46-ad92-eee9d9fea673.png
[2018-11-16 11:42:43,747: INFO/ForkPoolWorker-4] watermarking.task.mainTask[8abcb09b-b49a-43a7-8a0f-b6795fcc7fde]: Updating watermark_image_with_noise of NoiseSprintWatermarking(JPEG90_Anier_6d8ecbec-cb44-4dc8-9a5b-b6e176759ffe_c71b1e64-414f-4391-bdee-6dff267e7a76): watermarks_with_noise/561c5a89-5e41-4595-a28c-f039d7aee7ec.png
[2018-11-16 11:42:43,913: INFO/ForkPoolWorker-4] watermarking.task.mainTask[8abcb09b-b49a-43a7-8a0f-b6795fcc7fde]: Creating SprintWatermarking: Anier_0d0a8438-378e-42ef-b822-610817d613d5_c71b1e64-414f-4391-bdee-6dff267e7a76
[2018-11-16 11:42:44,126: INFO/ForkPoolWorker-1] watermarking.task.mainTask[6ea40498-8a3c-43b4-9f4b-7f02f3c7b3d0]: Creating MetricSprintWatermarking: PSNR_Anier_6d8ecbec-cb44-4dc8-9a5b-b6e176759ffe_c71b1e64-414f-4391-bdee-6dff267e7a76
[2018-11-16 11:42:44,638: INFO/ForkPoolWorker-3] watermarking.task.mainTask[39b18192-b13a-4595-9504-5e2243b55c20]: Updating watermarked_image of SprintWatermarking: watermarked_images/c1dc47bd-9da0-4d55-9ca5-ebdd27f9fcee.jpg
[2018-11-16 11:42:44,773: INFO/ForkPoolWorker-3] watermarking.task.mainTask[39b18192-b13a-4595-9504-5e2243b55c20]: Creating MetricSprintWatermarking: PSNR_Anier_51684994-2101-44de-9455-f9ae2d24b373_c71b1e64-414f-4391-bdee-6dff267e7a76
[2018-11-16 11:42:46,055: INFO/ForkPoolWorker-2] Task watermarking.task.mainTask[f7e5d82b-164f-46c8-bf61-1691aa4962d8] succeeded in 31.42512365499897s: 'Success!'
[2018-11-16 11:42:46,905: INFO/ForkPoolWorker-1] watermarking.task.mainTask[6ea40498-8a3c-43b4-9f4b-7f02f3c7b3d0]: Updating value of MetricSprintWatermarking(PSNR_Anier_6d8ecbec-cb44-4dc8-9a5b-b6e176759ffe_c71b1e64-414f-4391-bdee-6dff267e7a76): 64.49879552533363
[2018-11-16 11:42:48,739: INFO/ForkPoolWorker-1] Task watermarking.task.mainTask[6ea40498-8a3c-43b4-9f4b-7f02f3c7b3d0] succeeded in 19.64444923100018s: 'Success!'
[2018-11-16 11:42:51,130: INFO/ForkPoolWorker-3] watermarking.task.mainTask[39b18192-b13a-4595-9504-5e2243b55c20]: Updating value of MetricSprintWatermarking(PSNR_Anier_51684994-2101-44de-9455-f9ae2d24b373_c71b1e64-414f-4391-bdee-6dff267e7a76): 52.4408030004109
[2018-11-16 11:42:51,281: INFO/ForkPoolWorker-3] Task watermarking.task.mainTask[39b18192-b13a-4595-9504-5e2243b55c20] succeeded in 29.43955180500052s: 'Success!'
[2018-11-16 11:42:51,506: INFO/ForkPoolWorker-4] watermarking.task.mainTask[8abcb09b-b49a-43a7-8a0f-b6795fcc7fde]: Updating watermarked_image of SprintWatermarking: watermarked_images/de056b49-0b6b-4fa0-be92-811046e2aefc.png
[2018-11-16 11:42:51,666: INFO/ForkPoolWorker-4] watermarking.task.mainTask[8abcb09b-b49a-43a7-8a0f-b6795fcc7fde]: Creating NoiseSprintWatermarking: JPEG1%_Anier_0d0a8438-378e-42ef-b822-610817d613d5_c71b1e64-414f-4391-bdee-6dff267e7a76
[2018-11-16 11:42:51,897: INFO/ForkPoolWorker-4] watermarking.task.mainTask[8abcb09b-b49a-43a7-8a0f-b6795fcc7fde]: Updating watermarked_image_with_noise of NoiseSprintWatermarking(JPEG1%_Anier_0d0a8438-378e-42ef-b822-610817d613d5_c71b1e64-414f-4391-bdee-6dff267e7a76): noised_images/0e325b21-fd70-4cd6-8f0c-64b1dc764aa6.png
[2018-11-16 11:42:55,098: INFO/ForkPoolWorker-4] watermarking.task.mainTask[8abcb09b-b49a-43a7-8a0f-b6795fcc7fde]: Updating watermark_image_with_noise of NoiseSprintWatermarking(JPEG1%_Anier_0d0a8438-378e-42ef-b822-610817d613d5_c71b1e64-414f-4391-bdee-6dff267e7a76): watermarks_with_noise/7154e36a-bd8d-4abb-b961-2f40a667bd64.png
[2018-11-16 11:42:55,231: INFO/ForkPoolWorker-4] watermarking.task.mainTask[8abcb09b-b49a-43a7-8a0f-b6795fcc7fde]: Creating NoiseSprintWatermarking: JPEG10%_Anier_0d0a8438-378e-42ef-b822-610817d613d5_c71b1e64-414f-4391-bdee-6dff267e7a76
[2018-11-16 11:42:55,698: INFO/ForkPoolWorker-4] watermarking.task.mainTask[8abcb09b-b49a-43a7-8a0f-b6795fcc7fde]: Updating watermarked_image_with_noise of NoiseSprintWatermarking(JPEG10%_Anier_0d0a8438-378e-42ef-b822-610817d613d5_c71b1e64-414f-4391-bdee-6dff267e7a76): noised_images/f6257573-2082-4d85-aebb-11bbde0f86db.png
[2018-11-16 11:42:58,907: INFO/ForkPoolWorker-4] watermarking.task.mainTask[8abcb09b-b49a-43a7-8a0f-b6795fcc7fde]: Updating watermark_image_with_noise of NoiseSprintWatermarking(JPEG10%_Anier_0d0a8438-378e-42ef-b822-610817d613d5_c71b1e64-414f-4391-bdee-6dff267e7a76): watermarks_with_noise/27adfc4e-cfe4-4dd8-9b4d-0e6885c7b701.png
[2018-11-16 11:42:59,083: INFO/ForkPoolWorker-4] watermarking.task.mainTask[8abcb09b-b49a-43a7-8a0f-b6795fcc7fde]: Creating NoiseSprintWatermarking: Rotate30_Anier_0d0a8438-378e-42ef-b822-610817d613d5_c71b1e64-414f-4391-bdee-6dff267e7a76
[2018-11-16 11:42:59,590: INFO/ForkPoolWorker-4] watermarking.task.mainTask[8abcb09b-b49a-43a7-8a0f-b6795fcc7fde]: Updating watermarked_image_with_noise of NoiseSprintWatermarking(Rotate30_Anier_0d0a8438-378e-42ef-b822-610817d613d5_c71b1e64-414f-4391-bdee-6dff267e7a76): noised_images/8430ef4e-4870-4143-b95e-cd758e6b6e5c.png
[2018-11-16 11:43:02,957: INFO/ForkPoolWorker-4] watermarking.task.mainTask[8abcb09b-b49a-43a7-8a0f-b6795fcc7fde]: Updating watermark_image_with_noise of NoiseSprintWatermarking(Rotate30_Anier_0d0a8438-378e-42ef-b822-610817d613d5_c71b1e64-414f-4391-bdee-6dff267e7a76): watermarks_with_noise/a92a682d-7c70-404a-9d55-a6fff7845a45.png
[2018-11-16 11:43:03,082: INFO/ForkPoolWorker-4] watermarking.task.mainTask[8abcb09b-b49a-43a7-8a0f-b6795fcc7fde]: Creating NoiseSprintWatermarking: Rotate45_JPEG50_Anier_0d0a8438-378e-42ef-b822-610817d613d5_c71b1e64-414f-4391-bdee-6dff267e7a76
[2018-11-16 11:43:03,366: INFO/ForkPoolWorker-4] watermarking.task.mainTask[8abcb09b-b49a-43a7-8a0f-b6795fcc7fde]: Updating watermarked_image_with_noise of NoiseSprintWatermarking(Rotate45_JPEG50_Anier_0d0a8438-378e-42ef-b822-610817d613d5_c71b1e64-414f-4391-bdee-6dff267e7a76): noised_images/dbf272cd-da51-4523-adbb-bd1ee597e51c.png
[2018-11-16 11:43:06,541: INFO/ForkPoolWorker-4] watermarking.task.mainTask[8abcb09b-b49a-43a7-8a0f-b6795fcc7fde]: Updating watermark_image_with_noise of NoiseSprintWatermarking(Rotate45_JPEG50_Anier_0d0a8438-378e-42ef-b822-610817d613d5_c71b1e64-414f-4391-bdee-6dff267e7a76): watermarks_with_noise/96e1bdb5-0103-4770-9d69-0ce2c9a8277f.png
[2018-11-16 11:43:06,674: INFO/ForkPoolWorker-4] watermarking.task.mainTask[8abcb09b-b49a-43a7-8a0f-b6795fcc7fde]: Creating NoiseSprintWatermarking: JPEG90_Anier_0d0a8438-378e-42ef-b822-610817d613d5_c71b1e64-414f-4391-bdee-6dff267e7a76
[2018-11-16 11:43:06,916: INFO/ForkPoolWorker-4] watermarking.task.mainTask[8abcb09b-b49a-43a7-8a0f-b6795fcc7fde]: Updating watermarked_image_with_noise of NoiseSprintWatermarking(JPEG90_Anier_0d0a8438-378e-42ef-b822-610817d613d5_c71b1e64-414f-4391-bdee-6dff267e7a76): noised_images/34b455c3-7414-43af-b52f-2e655b979b5c.png
[2018-11-16 11:43:10,258: INFO/ForkPoolWorker-4] watermarking.task.mainTask[8abcb09b-b49a-43a7-8a0f-b6795fcc7fde]: Updating watermark_image_with_noise of NoiseSprintWatermarking(JPEG90_Anier_0d0a8438-378e-42ef-b822-610817d613d5_c71b1e64-414f-4391-bdee-6dff267e7a76): watermarks_with_noise/0189fe61-40f1-4b50-830e-275b7f7e5c62.png
[2018-11-16 11:43:10,425: INFO/ForkPoolWorker-4] watermarking.task.mainTask[8abcb09b-b49a-43a7-8a0f-b6795fcc7fde]: Creating MetricSprintWatermarking: PSNR_Anier_0d0a8438-378e-42ef-b822-610817d613d5_c71b1e64-414f-4391-bdee-6dff267e7a76
[2018-11-16 11:43:13,275: INFO/ForkPoolWorker-4] watermarking.task.mainTask[8abcb09b-b49a-43a7-8a0f-b6795fcc7fde]: Updating value of MetricSprintWatermarking(PSNR_Anier_0d0a8438-378e-42ef-b822-610817d613d5_c71b1e64-414f-4391-bdee-6dff267e7a76): 64.54743946907021
[2018-11-16 11:43:15,980: INFO/ForkPoolWorker-4] Task watermarking.task.mainTask[8abcb09b-b49a-43a7-8a0f-b6795fcc7fde] succeeded in 39.54788388900124s: 'Success!'
[2018-11-16 11:54:21,994: INFO/MainProcess] Received task: watermarking.task.mainTask[f65cbc07-92ae-4403-a163-cbc2757e09fe]  
[2018-11-16 11:54:22,550: INFO/ForkPoolWorker-2] watermarking.task.mainTask[f65cbc07-92ae-4403-a163-cbc2757e09fe]: Creating SprintWatermarking: Anier_21f54ded-7612-4f39-b2cd-2362e8b0d6c1_c71b1e64-414f-4391-bdee-6dff267e7a76
[2018-11-16 11:54:27,573: INFO/MainProcess] Received task: watermarking.task.mainTask[f72c27ca-4a38-4867-bfdc-e35902b17e84]  
[2018-11-16 11:54:28,145: INFO/ForkPoolWorker-3] watermarking.task.mainTask[f72c27ca-4a38-4867-bfdc-e35902b17e84]: Creating NoiseSprintWatermarking: JPEG1%_Anier_21f54ded-7612-4f39-b2cd-2362e8b0d6c1_c71b1e64-414f-4391-bdee-6dff267e7a76
[2018-11-16 11:54:28,351: INFO/ForkPoolWorker-3] watermarking.task.mainTask[f72c27ca-4a38-4867-bfdc-e35902b17e84]: Updating watermarked_image_with_noise of NoiseSprintWatermarking(JPEG1%_Anier_21f54ded-7612-4f39-b2cd-2362e8b0d6c1_c71b1e64-414f-4391-bdee-6dff267e7a76): noised_images/566cbd41-36a4-45b1-9e1c-013f2d8c6aa6.jpg
[2018-11-16 11:54:29,068: INFO/ForkPoolWorker-3] watermarking.task.mainTask[f72c27ca-4a38-4867-bfdc-e35902b17e84]: Updating watermark_image_with_noise of NoiseSprintWatermarking(JPEG1%_Anier_21f54ded-7612-4f39-b2cd-2362e8b0d6c1_c71b1e64-414f-4391-bdee-6dff267e7a76): watermarks_with_noise/b7a38eee-4555-4218-982d-d3f49a3e9d72.png
[2018-11-16 11:54:29,176: INFO/ForkPoolWorker-3] watermarking.task.mainTask[f72c27ca-4a38-4867-bfdc-e35902b17e84]: Creating NoiseSprintWatermarking: JPEG10%_Anier_21f54ded-7612-4f39-b2cd-2362e8b0d6c1_c71b1e64-414f-4391-bdee-6dff267e7a76
[2018-11-16 11:54:29,368: INFO/ForkPoolWorker-3] watermarking.task.mainTask[f72c27ca-4a38-4867-bfdc-e35902b17e84]: Updating watermarked_image_with_noise of NoiseSprintWatermarking(JPEG10%_Anier_21f54ded-7612-4f39-b2cd-2362e8b0d6c1_c71b1e64-414f-4391-bdee-6dff267e7a76): noised_images/aec12373-b3b4-4961-8cea-0c2445be1ff7.jpg
[2018-11-16 11:54:30,393: INFO/ForkPoolWorker-3] watermarking.task.mainTask[f72c27ca-4a38-4867-bfdc-e35902b17e84]: Updating watermark_image_with_noise of NoiseSprintWatermarking(JPEG10%_Anier_21f54ded-7612-4f39-b2cd-2362e8b0d6c1_c71b1e64-414f-4391-bdee-6dff267e7a76): watermarks_with_noise/a5a5f4d0-ce36-44a7-aba3-5f2cdb47c3e8.png
[2018-11-16 11:54:30,527: INFO/ForkPoolWorker-3] watermarking.task.mainTask[f72c27ca-4a38-4867-bfdc-e35902b17e84]: Creating NoiseSprintWatermarking: Rotate30_Anier_21f54ded-7612-4f39-b2cd-2362e8b0d6c1_c71b1e64-414f-4391-bdee-6dff267e7a76
[2018-11-16 11:54:30,735: INFO/ForkPoolWorker-3] watermarking.task.mainTask[f72c27ca-4a38-4867-bfdc-e35902b17e84]: Updating watermarked_image_with_noise of NoiseSprintWatermarking(Rotate30_Anier_21f54ded-7612-4f39-b2cd-2362e8b0d6c1_c71b1e64-414f-4391-bdee-6dff267e7a76): noised_images/d3f3bf9e-517e-4a9f-bbee-d690d2053b2f.jpg
[2018-11-16 11:54:31,351: INFO/ForkPoolWorker-3] watermarking.task.mainTask[f72c27ca-4a38-4867-bfdc-e35902b17e84]: Updating watermark_image_with_noise of NoiseSprintWatermarking(Rotate30_Anier_21f54ded-7612-4f39-b2cd-2362e8b0d6c1_c71b1e64-414f-4391-bdee-6dff267e7a76): watermarks_with_noise/5d98f206-8bdd-4eae-9258-d3ae490d7126.png
[2018-11-16 11:54:31,460: INFO/ForkPoolWorker-3] watermarking.task.mainTask[f72c27ca-4a38-4867-bfdc-e35902b17e84]: Creating NoiseSprintWatermarking: Rotate45_JPEG50_Anier_21f54ded-7612-4f39-b2cd-2362e8b0d6c1_c71b1e64-414f-4391-bdee-6dff267e7a76
[2018-11-16 11:54:31,660: INFO/ForkPoolWorker-3] watermarking.task.mainTask[f72c27ca-4a38-4867-bfdc-e35902b17e84]: Updating watermarked_image_with_noise of NoiseSprintWatermarking(Rotate45_JPEG50_Anier_21f54ded-7612-4f39-b2cd-2362e8b0d6c1_c71b1e64-414f-4391-bdee-6dff267e7a76): noised_images/01d5065a-3d5f-4f45-9050-4d4bb27c1233.jpg
[2018-11-16 11:54:32,218: INFO/ForkPoolWorker-3] watermarking.task.mainTask[f72c27ca-4a38-4867-bfdc-e35902b17e84]: Updating watermark_image_with_noise of NoiseSprintWatermarking(Rotate45_JPEG50_Anier_21f54ded-7612-4f39-b2cd-2362e8b0d6c1_c71b1e64-414f-4391-bdee-6dff267e7a76): watermarks_with_noise/82e92116-7b07-4dc2-b132-f061ff4c52ce.png
[2018-11-16 11:54:32,343: INFO/ForkPoolWorker-3] watermarking.task.mainTask[f72c27ca-4a38-4867-bfdc-e35902b17e84]: Creating NoiseSprintWatermarking: JPEG90_Anier_21f54ded-7612-4f39-b2cd-2362e8b0d6c1_c71b1e64-414f-4391-bdee-6dff267e7a76
[2018-11-16 11:54:32,552: INFO/ForkPoolWorker-3] watermarking.task.mainTask[f72c27ca-4a38-4867-bfdc-e35902b17e84]: Updating watermarked_image_with_noise of NoiseSprintWatermarking(JPEG90_Anier_21f54ded-7612-4f39-b2cd-2362e8b0d6c1_c71b1e64-414f-4391-bdee-6dff267e7a76): noised_images/c4cb1659-5a2b-4bac-b77f-f81ddc244957.jpg
[2018-11-16 11:54:33,143: INFO/ForkPoolWorker-3] watermarking.task.mainTask[f72c27ca-4a38-4867-bfdc-e35902b17e84]: Updating watermark_image_with_noise of NoiseSprintWatermarking(JPEG90_Anier_21f54ded-7612-4f39-b2cd-2362e8b0d6c1_c71b1e64-414f-4391-bdee-6dff267e7a76): watermarks_with_noise/50bd4692-595d-407f-b550-cdca2d14746b.png
[2018-11-16 11:54:33,285: INFO/ForkPoolWorker-3] watermarking.task.mainTask[f72c27ca-4a38-4867-bfdc-e35902b17e84]: Creating SprintWatermarking: Anier_3213aeef-ed29-4ee0-9107-4f3c287d71a8_c71b1e64-414f-4391-bdee-6dff267e7a76
[2018-11-16 11:54:33,645: INFO/MainProcess] Received task: watermarking.task.mainTask[57b71952-9303-4d42-8be7-78a7edc8c187]  
[2018-11-16 11:54:34,312: INFO/ForkPoolWorker-1] watermarking.task.mainTask[57b71952-9303-4d42-8be7-78a7edc8c187]: Creating NoiseSprintWatermarking: JPEG1%_Anier_3213aeef-ed29-4ee0-9107-4f3c287d71a8_c71b1e64-414f-4391-bdee-6dff267e7a76
[2018-11-16 11:54:34,535: INFO/ForkPoolWorker-1] watermarking.task.mainTask[57b71952-9303-4d42-8be7-78a7edc8c187]: Updating watermarked_image_with_noise of NoiseSprintWatermarking(JPEG1%_Anier_3213aeef-ed29-4ee0-9107-4f3c287d71a8_c71b1e64-414f-4391-bdee-6dff267e7a76): noised_images/28949005-bb02-460b-81ea-f2feb0d14624.png
[2018-11-16 11:54:35,319: INFO/ForkPoolWorker-1] watermarking.task.mainTask[57b71952-9303-4d42-8be7-78a7edc8c187]: Updating watermark_image_with_noise of NoiseSprintWatermarking(JPEG1%_Anier_3213aeef-ed29-4ee0-9107-4f3c287d71a8_c71b1e64-414f-4391-bdee-6dff267e7a76): watermarks_with_noise/7ea18f73-9fd3-4793-a386-e49439aa3513.png
[2018-11-16 11:54:35,444: INFO/ForkPoolWorker-1] watermarking.task.mainTask[57b71952-9303-4d42-8be7-78a7edc8c187]: Creating NoiseSprintWatermarking: JPEG10%_Anier_3213aeef-ed29-4ee0-9107-4f3c287d71a8_c71b1e64-414f-4391-bdee-6dff267e7a76
[2018-11-16 11:54:35,619: INFO/ForkPoolWorker-1] watermarking.task.mainTask[57b71952-9303-4d42-8be7-78a7edc8c187]: Updating watermarked_image_with_noise of NoiseSprintWatermarking(JPEG10%_Anier_3213aeef-ed29-4ee0-9107-4f3c287d71a8_c71b1e64-414f-4391-bdee-6dff267e7a76): noised_images/508c3a49-3de4-4380-8a9b-2862d15d2df9.png
[2018-11-16 11:54:36,285: INFO/ForkPoolWorker-1] watermarking.task.mainTask[57b71952-9303-4d42-8be7-78a7edc8c187]: Updating watermark_image_with_noise of NoiseSprintWatermarking(JPEG10%_Anier_3213aeef-ed29-4ee0-9107-4f3c287d71a8_c71b1e64-414f-4391-bdee-6dff267e7a76): watermarks_with_noise/ba79af76-1c1d-4579-a8ed-3019f24f68c5.png
[2018-11-16 11:54:36,419: INFO/ForkPoolWorker-1] watermarking.task.mainTask[57b71952-9303-4d42-8be7-78a7edc8c187]: Creating NoiseSprintWatermarking: Rotate30_Anier_3213aeef-ed29-4ee0-9107-4f3c287d71a8_c71b1e64-414f-4391-bdee-6dff267e7a76
[2018-11-16 11:54:36,635: INFO/ForkPoolWorker-1] watermarking.task.mainTask[57b71952-9303-4d42-8be7-78a7edc8c187]: Updating watermarked_image_with_noise of NoiseSprintWatermarking(Rotate30_Anier_3213aeef-ed29-4ee0-9107-4f3c287d71a8_c71b1e64-414f-4391-bdee-6dff267e7a76): noised_images/5a487de8-8464-4f7f-a36e-90b79b3eb93b.png
[2018-11-16 11:54:37,311: INFO/ForkPoolWorker-1] watermarking.task.mainTask[57b71952-9303-4d42-8be7-78a7edc8c187]: Updating watermark_image_with_noise of NoiseSprintWatermarking(Rotate30_Anier_3213aeef-ed29-4ee0-9107-4f3c287d71a8_c71b1e64-414f-4391-bdee-6dff267e7a76): watermarks_with_noise/5212ee57-7bc9-43c7-9edc-605e34ca164d.png
[2018-11-16 11:54:37,427: INFO/ForkPoolWorker-1] watermarking.task.mainTask[57b71952-9303-4d42-8be7-78a7edc8c187]: Creating NoiseSprintWatermarking: Rotate45_JPEG50_Anier_3213aeef-ed29-4ee0-9107-4f3c287d71a8_c71b1e64-414f-4391-bdee-6dff267e7a76
[2018-11-16 11:54:37,644: INFO/ForkPoolWorker-1] watermarking.task.mainTask[57b71952-9303-4d42-8be7-78a7edc8c187]: Updating watermarked_image_with_noise of NoiseSprintWatermarking(Rotate45_JPEG50_Anier_3213aeef-ed29-4ee0-9107-4f3c287d71a8_c71b1e64-414f-4391-bdee-6dff267e7a76): noised_images/d5b059f9-4207-420f-81c7-ea53fc00e064.png
[2018-11-16 11:54:38,311: INFO/ForkPoolWorker-1] watermarking.task.mainTask[57b71952-9303-4d42-8be7-78a7edc8c187]: Updating watermark_image_with_noise of NoiseSprintWatermarking(Rotate45_JPEG50_Anier_3213aeef-ed29-4ee0-9107-4f3c287d71a8_c71b1e64-414f-4391-bdee-6dff267e7a76): watermarks_with_noise/b021642c-7003-47f6-b1f1-a2e15ce7609c.png
[2018-11-16 11:54:38,444: INFO/ForkPoolWorker-1] watermarking.task.mainTask[57b71952-9303-4d42-8be7-78a7edc8c187]: Creating NoiseSprintWatermarking: JPEG90_Anier_3213aeef-ed29-4ee0-9107-4f3c287d71a8_c71b1e64-414f-4391-bdee-6dff267e7a76
[2018-11-16 11:54:38,719: INFO/ForkPoolWorker-1] watermarking.task.mainTask[57b71952-9303-4d42-8be7-78a7edc8c187]: Updating watermarked_image_with_noise of NoiseSprintWatermarking(JPEG90_Anier_3213aeef-ed29-4ee0-9107-4f3c287d71a8_c71b1e64-414f-4391-bdee-6dff267e7a76): noised_images/ae103dc6-ef59-474c-9835-5586a6a58428.png
[2018-11-16 11:54:39,394: INFO/ForkPoolWorker-1] watermarking.task.mainTask[57b71952-9303-4d42-8be7-78a7edc8c187]: Updating watermark_image_with_noise of NoiseSprintWatermarking(JPEG90_Anier_3213aeef-ed29-4ee0-9107-4f3c287d71a8_c71b1e64-414f-4391-bdee-6dff267e7a76): watermarks_with_noise/12f6a452-5f41-4d2a-a1a0-4628adc5de33.png
[2018-11-16 11:54:39,619: INFO/ForkPoolWorker-1] watermarking.task.mainTask[57b71952-9303-4d42-8be7-78a7edc8c187]: Creating SprintWatermarking: Anier_46ea14bf-e813-4c22-8c26-79b4cffb65f2_c71b1e64-414f-4391-bdee-6dff267e7a76
[2018-11-16 11:54:39,775: INFO/ForkPoolWorker-2] watermarking.task.mainTask[f65cbc07-92ae-4403-a163-cbc2757e09fe]: Updating watermarked_image of SprintWatermarking: watermarked_images/7e81ad73-5ea7-4d20-8ecc-49ab3a44d4de.jpg
[2018-11-16 11:54:39,905: INFO/ForkPoolWorker-2] watermarking.task.mainTask[f65cbc07-92ae-4403-a163-cbc2757e09fe]: Creating MetricSprintWatermarking: PSNR_Anier_21f54ded-7612-4f39-b2cd-2362e8b0d6c1_c71b1e64-414f-4391-bdee-6dff267e7a76
[2018-11-16 11:54:40,068: INFO/MainProcess] Received task: watermarking.task.mainTask[197e344c-c32e-4c5f-9206-fec390871b6a]  
[2018-11-16 11:54:40,748: INFO/ForkPoolWorker-4] watermarking.task.mainTask[197e344c-c32e-4c5f-9206-fec390871b6a]: Creating NoiseSprintWatermarking: JPEG1%_Anier_46ea14bf-e813-4c22-8c26-79b4cffb65f2_c71b1e64-414f-4391-bdee-6dff267e7a76
[2018-11-16 11:54:40,986: INFO/ForkPoolWorker-4] watermarking.task.mainTask[197e344c-c32e-4c5f-9206-fec390871b6a]: Updating watermarked_image_with_noise of NoiseSprintWatermarking(JPEG1%_Anier_46ea14bf-e813-4c22-8c26-79b4cffb65f2_c71b1e64-414f-4391-bdee-6dff267e7a76): noised_images/24ca422d-fa09-46b8-8a32-235cb97db662.png
[2018-11-16 11:54:41,328: INFO/ForkPoolWorker-3] watermarking.task.mainTask[f72c27ca-4a38-4867-bfdc-e35902b17e84]: Updating watermarked_image of SprintWatermarking: watermarked_images/22445f2e-8da0-4cef-a301-4a6fc3cbbbec.png
[2018-11-16 11:54:41,463: INFO/ForkPoolWorker-3] watermarking.task.mainTask[f72c27ca-4a38-4867-bfdc-e35902b17e84]: Creating MetricSprintWatermarking: PSNR_Anier_3213aeef-ed29-4ee0-9107-4f3c287d71a8_c71b1e64-414f-4391-bdee-6dff267e7a76
[2018-11-16 11:54:41,694: INFO/ForkPoolWorker-4] watermarking.task.mainTask[197e344c-c32e-4c5f-9206-fec390871b6a]: Updating watermark_image_with_noise of NoiseSprintWatermarking(JPEG1%_Anier_46ea14bf-e813-4c22-8c26-79b4cffb65f2_c71b1e64-414f-4391-bdee-6dff267e7a76): watermarks_with_noise/429286a7-2315-4dd8-9357-85a58bbf738a.png
[2018-11-16 11:54:41,836: INFO/ForkPoolWorker-4] watermarking.task.mainTask[197e344c-c32e-4c5f-9206-fec390871b6a]: Creating NoiseSprintWatermarking: JPEG10%_Anier_46ea14bf-e813-4c22-8c26-79b4cffb65f2_c71b1e64-414f-4391-bdee-6dff267e7a76
[2018-11-16 11:54:42,028: INFO/ForkPoolWorker-4] watermarking.task.mainTask[197e344c-c32e-4c5f-9206-fec390871b6a]: Updating watermarked_image_with_noise of NoiseSprintWatermarking(JPEG10%_Anier_46ea14bf-e813-4c22-8c26-79b4cffb65f2_c71b1e64-414f-4391-bdee-6dff267e7a76): noised_images/c2f2a2f0-5e21-49e7-8a6e-4bab87f7fd66.png
[2018-11-16 11:54:42,678: INFO/ForkPoolWorker-4] watermarking.task.mainTask[197e344c-c32e-4c5f-9206-fec390871b6a]: Updating watermark_image_with_noise of NoiseSprintWatermarking(JPEG10%_Anier_46ea14bf-e813-4c22-8c26-79b4cffb65f2_c71b1e64-414f-4391-bdee-6dff267e7a76): watermarks_with_noise/a194fb30-acec-4f2d-b371-17a9b1220bc5.png
[2018-11-16 11:54:42,803: INFO/ForkPoolWorker-4] watermarking.task.mainTask[197e344c-c32e-4c5f-9206-fec390871b6a]: Creating NoiseSprintWatermarking: Rotate30_Anier_46ea14bf-e813-4c22-8c26-79b4cffb65f2_c71b1e64-414f-4391-bdee-6dff267e7a76
[2018-11-16 11:54:43,011: INFO/ForkPoolWorker-4] watermarking.task.mainTask[197e344c-c32e-4c5f-9206-fec390871b6a]: Updating watermarked_image_with_noise of NoiseSprintWatermarking(Rotate30_Anier_46ea14bf-e813-4c22-8c26-79b4cffb65f2_c71b1e64-414f-4391-bdee-6dff267e7a76): noised_images/e6ea6065-17f2-4418-a80c-9e0770e46231.png
[2018-11-16 11:54:43,703: INFO/ForkPoolWorker-4] watermarking.task.mainTask[197e344c-c32e-4c5f-9206-fec390871b6a]: Updating watermark_image_with_noise of NoiseSprintWatermarking(Rotate30_Anier_46ea14bf-e813-4c22-8c26-79b4cffb65f2_c71b1e64-414f-4391-bdee-6dff267e7a76): watermarks_with_noise/c0eb4df9-0a24-4986-b0dc-fd1e246ae953.png
[2018-11-16 11:54:43,861: INFO/ForkPoolWorker-4] watermarking.task.mainTask[197e344c-c32e-4c5f-9206-fec390871b6a]: Creating NoiseSprintWatermarking: Rotate45_JPEG50_Anier_46ea14bf-e813-4c22-8c26-79b4cffb65f2_c71b1e64-414f-4391-bdee-6dff267e7a76
[2018-11-16 11:54:44,070: INFO/ForkPoolWorker-4] watermarking.task.mainTask[197e344c-c32e-4c5f-9206-fec390871b6a]: Updating watermarked_image_with_noise of NoiseSprintWatermarking(Rotate45_JPEG50_Anier_46ea14bf-e813-4c22-8c26-79b4cffb65f2_c71b1e64-414f-4391-bdee-6dff267e7a76): noised_images/f6ec3f41-60e2-42b1-876a-bcde12a3616c.png
[2018-11-16 11:54:44,295: INFO/ForkPoolWorker-3] watermarking.task.mainTask[f72c27ca-4a38-4867-bfdc-e35902b17e84]: Updating value of MetricSprintWatermarking(PSNR_Anier_3213aeef-ed29-4ee0-9107-4f3c287d71a8_c71b1e64-414f-4391-bdee-6dff267e7a76): 64.59596177942035
[2018-11-16 11:54:45,362: INFO/ForkPoolWorker-4] watermarking.task.mainTask[197e344c-c32e-4c5f-9206-fec390871b6a]: Updating watermark_image_with_noise of NoiseSprintWatermarking(Rotate45_JPEG50_Anier_46ea14bf-e813-4c22-8c26-79b4cffb65f2_c71b1e64-414f-4391-bdee-6dff267e7a76): watermarks_with_noise/fd5f1b2c-020a-49ec-8834-5ae6c64a5280.png
[2018-11-16 11:54:45,487: INFO/ForkPoolWorker-4] watermarking.task.mainTask[197e344c-c32e-4c5f-9206-fec390871b6a]: Creating NoiseSprintWatermarking: JPEG90_Anier_46ea14bf-e813-4c22-8c26-79b4cffb65f2_c71b1e64-414f-4391-bdee-6dff267e7a76
[2018-11-16 11:54:46,045: INFO/ForkPoolWorker-4] watermarking.task.mainTask[197e344c-c32e-4c5f-9206-fec390871b6a]: Updating watermarked_image_with_noise of NoiseSprintWatermarking(JPEG90_Anier_46ea14bf-e813-4c22-8c26-79b4cffb65f2_c71b1e64-414f-4391-bdee-6dff267e7a76): noised_images/6bfdfe52-1e29-4d60-9c0e-5159baabf9ad.png
[2018-11-16 11:54:46,604: INFO/ForkPoolWorker-2] watermarking.task.mainTask[f65cbc07-92ae-4403-a163-cbc2757e09fe]: Updating value of MetricSprintWatermarking(PSNR_Anier_21f54ded-7612-4f39-b2cd-2362e8b0d6c1_c71b1e64-414f-4391-bdee-6dff267e7a76): 51.88338801131317
[2018-11-16 11:54:47,170: INFO/ForkPoolWorker-4] watermarking.task.mainTask[197e344c-c32e-4c5f-9206-fec390871b6a]: Updating watermark_image_with_noise of NoiseSprintWatermarking(JPEG90_Anier_46ea14bf-e813-4c22-8c26-79b4cffb65f2_c71b1e64-414f-4391-bdee-6dff267e7a76): watermarks_with_noise/825e3e4f-388a-44b9-aa95-875416e5d973.png
[2018-11-16 11:54:47,312: INFO/ForkPoolWorker-4] watermarking.task.mainTask[197e344c-c32e-4c5f-9206-fec390871b6a]: Creating SprintWatermarking: Anier_c338e6d0-317f-45f8-b332-2fae8c26c3a2_c71b1e64-414f-4391-bdee-6dff267e7a76
[2018-11-16 11:54:47,970: INFO/ForkPoolWorker-1] watermarking.task.mainTask[57b71952-9303-4d42-8be7-78a7edc8c187]: Updating watermarked_image of SprintWatermarking: watermarked_images/c31c4cd9-49e7-4d15-9175-e6ab89b95b3e.png
[2018-11-16 11:54:48,106: INFO/ForkPoolWorker-1] watermarking.task.mainTask[57b71952-9303-4d42-8be7-78a7edc8c187]: Creating MetricSprintWatermarking: PSNR_Anier_46ea14bf-e813-4c22-8c26-79b4cffb65f2_c71b1e64-414f-4391-bdee-6dff267e7a76
[2018-11-16 11:54:51,083: INFO/ForkPoolWorker-2] Task watermarking.task.mainTask[f65cbc07-92ae-4403-a163-cbc2757e09fe] succeeded in 29.08902529400075s: 'Success!'
[2018-11-16 11:54:51,258: INFO/ForkPoolWorker-3] Task watermarking.task.mainTask[f72c27ca-4a38-4867-bfdc-e35902b17e84] succeeded in 23.68524206999973s: 'Success!'
[2018-11-16 11:54:51,579: INFO/ForkPoolWorker-1] watermarking.task.mainTask[57b71952-9303-4d42-8be7-78a7edc8c187]: Updating value of MetricSprintWatermarking(PSNR_Anier_46ea14bf-e813-4c22-8c26-79b4cffb65f2_c71b1e64-414f-4391-bdee-6dff267e7a76): 64.77872800403804
[2018-11-16 11:54:52,208: INFO/ForkPoolWorker-1] Task watermarking.task.mainTask[57b71952-9303-4d42-8be7-78a7edc8c187] succeeded in 18.558695254001577s: 'Success!'
[2018-11-16 11:55:04,042: INFO/ForkPoolWorker-4] watermarking.task.mainTask[197e344c-c32e-4c5f-9206-fec390871b6a]: Updating watermarked_image of SprintWatermarking: watermarked_images/3b94e8b6-60ac-4ee1-87c3-9114b6111a86.jpg
[2018-11-16 11:55:04,158: INFO/ForkPoolWorker-4] watermarking.task.mainTask[197e344c-c32e-4c5f-9206-fec390871b6a]: Creating NoiseSprintWatermarking: JPEG1%_Anier_c338e6d0-317f-45f8-b332-2fae8c26c3a2_c71b1e64-414f-4391-bdee-6dff267e7a76
[2018-11-16 11:55:04,764: INFO/ForkPoolWorker-4] watermarking.task.mainTask[197e344c-c32e-4c5f-9206-fec390871b6a]: Updating watermarked_image_with_noise of NoiseSprintWatermarking(JPEG1%_Anier_c338e6d0-317f-45f8-b332-2fae8c26c3a2_c71b1e64-414f-4391-bdee-6dff267e7a76): noised_images/38fcf3cf-5656-49ac-a850-bd3e2cd507c6.jpg
[2018-11-16 11:55:11,515: INFO/ForkPoolWorker-4] watermarking.task.mainTask[197e344c-c32e-4c5f-9206-fec390871b6a]: Updating watermark_image_with_noise of NoiseSprintWatermarking(JPEG1%_Anier_c338e6d0-317f-45f8-b332-2fae8c26c3a2_c71b1e64-414f-4391-bdee-6dff267e7a76): watermarks_with_noise/67b815be-50ed-436d-ad3f-49506e5f1e66.png
[2018-11-16 11:55:11,640: INFO/ForkPoolWorker-4] watermarking.task.mainTask[197e344c-c32e-4c5f-9206-fec390871b6a]: Creating NoiseSprintWatermarking: JPEG10%_Anier_c338e6d0-317f-45f8-b332-2fae8c26c3a2_c71b1e64-414f-4391-bdee-6dff267e7a76
[2018-11-16 11:55:11,990: INFO/ForkPoolWorker-4] watermarking.task.mainTask[197e344c-c32e-4c5f-9206-fec390871b6a]: Updating watermarked_image_with_noise of NoiseSprintWatermarking(JPEG10%_Anier_c338e6d0-317f-45f8-b332-2fae8c26c3a2_c71b1e64-414f-4391-bdee-6dff267e7a76): noised_images/3dba6235-7d35-4f79-acc8-0fc1ddbd96b7.jpg
[2018-11-16 11:55:18,666: INFO/ForkPoolWorker-4] watermarking.task.mainTask[197e344c-c32e-4c5f-9206-fec390871b6a]: Updating watermark_image_with_noise of NoiseSprintWatermarking(JPEG10%_Anier_c338e6d0-317f-45f8-b332-2fae8c26c3a2_c71b1e64-414f-4391-bdee-6dff267e7a76): watermarks_with_noise/e7593bcc-5a70-4a49-b5a2-a80def34885d.png
[2018-11-16 11:55:18,791: INFO/ForkPoolWorker-4] watermarking.task.mainTask[197e344c-c32e-4c5f-9206-fec390871b6a]: Creating NoiseSprintWatermarking: Rotate30_Anier_c338e6d0-317f-45f8-b332-2fae8c26c3a2_c71b1e64-414f-4391-bdee-6dff267e7a76
[2018-11-16 11:55:19,208: INFO/ForkPoolWorker-4] watermarking.task.mainTask[197e344c-c32e-4c5f-9206-fec390871b6a]: Updating watermarked_image_with_noise of NoiseSprintWatermarking(Rotate30_Anier_c338e6d0-317f-45f8-b332-2fae8c26c3a2_c71b1e64-414f-4391-bdee-6dff267e7a76): noised_images/2e16fc0e-f293-4b28-9fea-4773b10ad92e.jpg
[2018-11-16 11:55:25,885: INFO/ForkPoolWorker-4] watermarking.task.mainTask[197e344c-c32e-4c5f-9206-fec390871b6a]: Updating watermark_image_with_noise of NoiseSprintWatermarking(Rotate30_Anier_c338e6d0-317f-45f8-b332-2fae8c26c3a2_c71b1e64-414f-4391-bdee-6dff267e7a76): watermarks_with_noise/32174d79-3d92-4162-bdde-a2639b5a3c40.png
[2018-11-16 11:55:26,001: INFO/ForkPoolWorker-4] watermarking.task.mainTask[197e344c-c32e-4c5f-9206-fec390871b6a]: Creating NoiseSprintWatermarking: Rotate45_JPEG50_Anier_c338e6d0-317f-45f8-b332-2fae8c26c3a2_c71b1e64-414f-4391-bdee-6dff267e7a76
[2018-11-16 11:55:26,626: INFO/ForkPoolWorker-4] watermarking.task.mainTask[197e344c-c32e-4c5f-9206-fec390871b6a]: Updating watermarked_image_with_noise of NoiseSprintWatermarking(Rotate45_JPEG50_Anier_c338e6d0-317f-45f8-b332-2fae8c26c3a2_c71b1e64-414f-4391-bdee-6dff267e7a76): noised_images/6dc764cc-81cf-4944-bd5d-178852db2db2.jpg
[2018-11-16 11:55:33,318: INFO/ForkPoolWorker-4] watermarking.task.mainTask[197e344c-c32e-4c5f-9206-fec390871b6a]: Updating watermark_image_with_noise of NoiseSprintWatermarking(Rotate45_JPEG50_Anier_c338e6d0-317f-45f8-b332-2fae8c26c3a2_c71b1e64-414f-4391-bdee-6dff267e7a76): watermarks_with_noise/584ca8c7-42d7-4235-815a-8b17f214c153.png
[2018-11-16 11:55:33,443: INFO/ForkPoolWorker-4] watermarking.task.mainTask[197e344c-c32e-4c5f-9206-fec390871b6a]: Creating NoiseSprintWatermarking: JPEG90_Anier_c338e6d0-317f-45f8-b332-2fae8c26c3a2_c71b1e64-414f-4391-bdee-6dff267e7a76
[2018-11-16 11:55:33,985: INFO/ForkPoolWorker-4] watermarking.task.mainTask[197e344c-c32e-4c5f-9206-fec390871b6a]: Updating watermarked_image_with_noise of NoiseSprintWatermarking(JPEG90_Anier_c338e6d0-317f-45f8-b332-2fae8c26c3a2_c71b1e64-414f-4391-bdee-6dff267e7a76): noised_images/397be72b-08d7-4572-8bd3-fcfbad9104a1.jpg
[2018-11-16 11:55:40,753: INFO/ForkPoolWorker-4] watermarking.task.mainTask[197e344c-c32e-4c5f-9206-fec390871b6a]: Updating watermark_image_with_noise of NoiseSprintWatermarking(JPEG90_Anier_c338e6d0-317f-45f8-b332-2fae8c26c3a2_c71b1e64-414f-4391-bdee-6dff267e7a76): watermarks_with_noise/889766d2-490e-4e8e-9e4e-f076e8d96803.png
[2018-11-16 11:55:40,878: INFO/ForkPoolWorker-4] watermarking.task.mainTask[197e344c-c32e-4c5f-9206-fec390871b6a]: Creating MetricSprintWatermarking: PSNR_Anier_c338e6d0-317f-45f8-b332-2fae8c26c3a2_c71b1e64-414f-4391-bdee-6dff267e7a76
[2018-11-16 11:55:46,945: INFO/ForkPoolWorker-4] watermarking.task.mainTask[197e344c-c32e-4c5f-9206-fec390871b6a]: Updating value of MetricSprintWatermarking(PSNR_Anier_c338e6d0-317f-45f8-b332-2fae8c26c3a2_c71b1e64-414f-4391-bdee-6dff267e7a76): 51.88338801131317
[2018-11-16 11:55:49,262: INFO/ForkPoolWorker-4] Task watermarking.task.mainTask[197e344c-c32e-4c5f-9206-fec390871b6a] succeeded in 69.19395769999937s: 'Success!'
